(DFunDef false "greet" ((PVar "name")) (EBinOp "++" (EBinOp "++" (ELit (LString "hello, ")) (EApp (EMethodRef "display") (EVar "name"))) (ELit (LString ""))))
(DFunDef false "report" ((PVar "n")) (EBinOp "++" (EBinOp "++" (ELit (LString "got ")) (EApp (EMethodRef "display") (EVar "n"))) (ELit (LString " items"))))
(DFunDef false "math" ((PVar "a") (PVar "b")) (EBinOp "++" (EBinOp "++" (ELit (LString "sum = ")) (EApp (EMethodRef "display") (EBinOp "+" (EVar "a") (EVar "b")))) (ELit (LString ""))))
(DFunDef false "multi" ((PVar "x") (PVar "y")) (EBinOp "++" (EBinOp "++" (EBinOp "++" (EBinOp "++" (ELit (LString "x=")) (EApp (EMethodRef "display") (EVar "x"))) (ELit (LString " y="))) (EApp (EMethodRef "display") (EVar "y"))) (ELit (LString "!"))))
(DFunDef false "nested" ((PVar "f") (PVar "x")) (EBinOp "++" (EBinOp "++" (ELit (LString "result: ")) (EApp (EMethodRef "display") (EApp (EVar "f") (EVar "x")))) (ELit (LString ""))))