-- Rare/under-exercised grammar constructs, gathered so the self-hosted parser
-- (compiler/parser.mdk) still exercises these paths even though stdlib/compiler
-- barely use them. Validated byte-for-byte against the OCaml reference by
-- test/diff_compiler_parse.sh.
--
-- Covered here: operator sections, unary not, a
-- point-free one-arg match `x => match x { … }` (incl. an `if` arm guard), array
-- ranges `[|lo..hi|]`, array slices/index `e.[lo..hi]` / `e.[i]`, range
-- patterns (int + char), `Ref` + `:=` write, field assignment, let-else,
-- a do-block function-let, and record patterns `C { f = p, … }` / `C { .. }`.
-- (Other rares already live in the corpus: inclusive/exclusive list ranges +
-- array literals in where_ranges, bare/right +/* sections in sections_litpats,
-- record update in records, backtick infix in interfaces.)
--
-- Deliberately ABSENT — no AST node in compiler yet (would break the harness):
-- nested string interpolation and triple-quoted strings (lexer-side only).

leftSection = (2 * _)

cmpSection = (== 0)

notFlag b = !b

classify = x => match x
  0 => "zero"
  n if n < 0 => "neg"
  n => "pos"

arrRange = [|1..5|]

arrRangeIncl = [|0..=9|]

sliceIt xs = xs.[1..3]

sliceInclIt xs = xs.[1..=3]

indexIt xs = xs.[0]

grade n = match n
  0..59 => "F"
  60..=100 => "P"

vowelKind c = match c
  'a'..'z' => "lower"
  _ => "other"

counter =
  let a = Ref 0
  a := a.value + 1
  a.value

setField r =
  r.x = 1
  r.pos.y = 2

withFallback m =
  let (Some v) = m else fallback
  v

doFunLet =
  let twice = n => n + n
  twice 21

shape s = match s
  Point { x = px, y = py } => px + py
  Circle { radius } => radius
  Box { w, ... } => w
  Empty { ... } => 0
