running doctests in stdlib/bytebuilder.mdk
  ok   stdlib/bytebuilder.mdk:132: runByteParser (beUint 1) (build1 (emitU8 0))
  ok   stdlib/bytebuilder.mdk:134: runByteParser (beUint 1) (build1 (emitU8 255))
  ok   stdlib/bytebuilder.mdk:136: runByteParser (beUint 1) (build1 (emitU8 127))
  ok   stdlib/bytebuilder.mdk:140: runByteParser (beUint 2) (build1 (emitU16BE 0))
  ok   stdlib/bytebuilder.mdk:142: runByteParser (beUint 2) (build1 (emitU16BE 256))
  ok   stdlib/bytebuilder.mdk:144: runByteParser (beUint 2) (build1 (emitU16BE 65535))
  ok   stdlib/bytebuilder.mdk:146: runByteParser (beUint 2) (build1 (emitU16BE 258))
  ok   stdlib/bytebuilder.mdk:150: runByteParser (beUint 3) (build1 (emitU24BE 0))
  ok   stdlib/bytebuilder.mdk:152: runByteParser (beUint 3) (build1 (emitU24BE 16777215))
  ok   stdlib/bytebuilder.mdk:154: runByteParser (beUint 3) (build1 (emitU24BE 65536))
  ok   stdlib/bytebuilder.mdk:158: runByteParser (beUint 4) (build1 (emitU32BE 0))
  ok   stdlib/bytebuilder.mdk:160: runByteParser (beUint 4) (build1 (emitU32BE 4294967295))
  ok   stdlib/bytebuilder.mdk:162: runByteParser (beUint 4) (build1 (emitU32BE 1048576))
  ok   stdlib/bytebuilder.mdk:166: runByteParser (takeBytes 3) (build1 (emitBytes [10, 20, 30]))
  ok   stdlib/bytebuilder.mdk:168: runByteParser (takeBytes 0) (build1 (emitBytes []))
  ok   stdlib/bytebuilder.mdk:170: runByteParser (takeBytes 4) (build1 (emitBytes [0, 128, 255, 1]))
  ok   stdlib/bytebuilder.mdk:177: runByteParser (beSint 1) (build1 (emitBeSint 1 127))
  ok   stdlib/bytebuilder.mdk:179: runByteParser (beSint 1) (build1 (emitBeSint 1 (-1)))
  ok   stdlib/bytebuilder.mdk:181: runByteParser (beSint 1) (build1 (emitBeSint 1 (-128)))
  ok   stdlib/bytebuilder.mdk:183: runByteParser (beSint 1) (build1 (emitBeSint 1 0))
  ok   stdlib/bytebuilder.mdk:187: runByteParser (beSint 2) (build1 (emitBeSint 2 32767))
  ok   stdlib/bytebuilder.mdk:189: runByteParser (beSint 2) (build1 (emitBeSint 2 (-32768)))
  ok   stdlib/bytebuilder.mdk:191: runByteParser (beSint 2) (build1 (emitBeSint 2 (-1)))
  ok   stdlib/bytebuilder.mdk:195: runByteParser (beSint 4) (build1 (emitBeSint 4 2147483647))
  ok   stdlib/bytebuilder.mdk:197: runByteParser (beSint 4) (build1 (emitBeSint 4 (-2147483648)))
  ok   stdlib/bytebuilder.mdk:199: runByteParser (beSint 4) (build1 (emitBeSint 4 (-1)))
  ok   stdlib/bytebuilder.mdk:203: runByteParser (beUint 1) (build1 (emitBeUint 1 0))
  ok   stdlib/bytebuilder.mdk:205: runByteParser (beUint 1) (build1 (emitBeUint 1 255))
  ok   stdlib/bytebuilder.mdk:207: runByteParser (beUint 2) (build1 (emitBeUint 2 256))
  ok   stdlib/bytebuilder.mdk:209: runByteParser (beUint 3) (build1 (emitBeUint 3 65536))
  ok   stdlib/bytebuilder.mdk:211: runByteParser (beUint 4) (build1 (emitBeUint 4 4294967295))

stdlib/bytebuilder.mdk: 31/31 passed
