NEWLINE
PUBLIC
EXPORT
DATA
UPPER "Ordering"
EQUAL
UPPER "Lt"
PIPE
UPPER "Eq"
PIPE
UPPER "Gt"
NEWLINE
PUBLIC
EXPORT
DATA
UPPER "Option"
IDENT "a"
EQUAL
UPPER "Some"
IDENT "a"
PIPE
UPPER "None"
NEWLINE
PUBLIC
EXPORT
DATA
UPPER "Result"
IDENT "e"
IDENT "a"
EQUAL
UPPER "Ok"
IDENT "a"
PIPE
UPPER "Err"
IDENT "e"
NEWLINE
EXPORT
INTERFACE
UPPER "Eq"
IDENT "a"
WHERE
INDENT
IDENT "eq"
COLON
IDENT "a"
ARROW
IDENT "a"
ARROW
UPPER "Bool"
NEWLINE
DEDENT
NEWLINE
EXPORT
NEWLINE
IDENT "neq"
COLON
UPPER "Eq"
IDENT "a"
FAT_ARROW
IDENT "a"
ARROW
IDENT "a"
ARROW
UPPER "Bool"
NEWLINE
IDENT "neq"
IDENT "x"
IDENT "y"
EQUAL
IDENT "not"
LPAREN
IDENT "eq"
IDENT "x"
IDENT "y"
RPAREN
NEWLINE
EXPORT
IMPL
UPPER "Eq"
UPPER "Int"
WHERE
INDENT
IDENT "eq"
IDENT "a"
IDENT "b"
EQUAL
IDENT "a"
EQ_EQ
IDENT "b"
NEWLINE
DEDENT
NEWLINE
EXPORT
IMPL
UPPER "Eq"
UPPER "Float"
WHERE
INDENT
IDENT "eq"
IDENT "a"
IDENT "b"
EQUAL
IDENT "a"
EQ_EQ
IDENT "b"
NEWLINE
DEDENT
NEWLINE
EXPORT
IMPL
UPPER "Eq"
UPPER "Bool"
WHERE
INDENT
IDENT "eq"
IDENT "a"
IDENT "b"
EQUAL
IDENT "a"
EQ_EQ
IDENT "b"
NEWLINE
DEDENT
NEWLINE
EXPORT
IMPL
UPPER "Eq"
UPPER "String"
WHERE
INDENT
IDENT "eq"
IDENT "a"
IDENT "b"
EQUAL
IDENT "a"
EQ_EQ
IDENT "b"
NEWLINE
DEDENT
NEWLINE
EXPORT
IMPL
UPPER "Eq"
UPPER "Char"
WHERE
INDENT
IDENT "eq"
IDENT "a"
IDENT "b"
EQUAL
IDENT "a"
EQ_EQ
IDENT "b"
NEWLINE
DEDENT
NEWLINE
EXPORT
IMPL
UPPER "Eq"
UPPER "Unit"
WHERE
INDENT
IDENT "eq"
UNDERSCORE
UNDERSCORE
EQUAL
UPPER "True"
NEWLINE
DEDENT
NEWLINE
EXPORT
IMPL
UPPER "Eq"
LPAREN
UPPER "List"
IDENT "a"
RPAREN
REQUIRES
UPPER "Eq"
IDENT "a"
WHERE
INDENT
IDENT "eq"
LBRACKET
RBRACKET
LBRACKET
RBRACKET
EQUAL
UPPER "True"
NEWLINE
IDENT "eq"
LPAREN
IDENT "x"
CONS
IDENT "xs"
RPAREN
LPAREN
IDENT "y"
CONS
IDENT "ys"
RPAREN
EQUAL
IDENT "eq"
IDENT "x"
IDENT "y"
AND
IDENT "eq"
IDENT "xs"
IDENT "ys"
NEWLINE
IDENT "eq"
UNDERSCORE
UNDERSCORE
EQUAL
UPPER "False"
NEWLINE
DEDENT
NEWLINE
EXPORT
IMPL
UPPER "Eq"
LPAREN
UPPER "Option"
IDENT "a"
RPAREN
REQUIRES
UPPER "Eq"
IDENT "a"
WHERE
INDENT
IDENT "eq"
UPPER "None"
UPPER "None"
EQUAL
UPPER "True"
NEWLINE
IDENT "eq"
LPAREN
UPPER "Some"
IDENT "x"
RPAREN
LPAREN
UPPER "Some"
IDENT "y"
RPAREN
EQUAL
IDENT "eq"
IDENT "x"
IDENT "y"
NEWLINE
IDENT "eq"
UNDERSCORE
UNDERSCORE
EQUAL
UPPER "False"
NEWLINE
DEDENT
NEWLINE
EXPORT
IMPL
UPPER "Eq"
LPAREN
UPPER "Result"
IDENT "e"
IDENT "a"
RPAREN
REQUIRES
UPPER "Eq"
IDENT "e"
COMMA
UPPER "Eq"
IDENT "a"
WHERE
INDENT
IDENT "eq"
LPAREN
UPPER "Ok"
IDENT "x"
RPAREN
LPAREN
UPPER "Ok"
IDENT "y"
RPAREN
EQUAL
IDENT "eq"
IDENT "x"
IDENT "y"
NEWLINE
IDENT "eq"
LPAREN
UPPER "Err"
IDENT "x"
RPAREN
LPAREN
UPPER "Err"
IDENT "y"
RPAREN
EQUAL
IDENT "eq"
IDENT "x"
IDENT "y"
NEWLINE
IDENT "eq"
UNDERSCORE
UNDERSCORE
EQUAL
UPPER "False"
NEWLINE
DEDENT
NEWLINE
EXPORT
IMPL
UPPER "Eq"
LPAREN
IDENT "a"
COMMA
IDENT "b"
RPAREN
REQUIRES
UPPER "Eq"
IDENT "a"
COMMA
UPPER "Eq"
IDENT "b"
WHERE
INDENT
IDENT "eq"
LPAREN
IDENT "a1"
COMMA
IDENT "b1"
RPAREN
LPAREN
IDENT "a2"
COMMA
IDENT "b2"
RPAREN
EQUAL
IDENT "eq"
IDENT "a1"
IDENT "a2"
AND
IDENT "eq"
IDENT "b1"
IDENT "b2"
NEWLINE
DEDENT
NEWLINE
EXPORT
IMPL
UPPER "Eq"
LPAREN
IDENT "a"
COMMA
IDENT "b"
COMMA
IDENT "c"
RPAREN
REQUIRES
UPPER "Eq"
IDENT "a"
COMMA
UPPER "Eq"
IDENT "b"
COMMA
UPPER "Eq"
IDENT "c"
WHERE
INDENT
IDENT "eq"
LPAREN
IDENT "a1"
COMMA
IDENT "b1"
COMMA
IDENT "c1"
RPAREN
LPAREN
IDENT "a2"
COMMA
IDENT "b2"
COMMA
IDENT "c2"
RPAREN
EQUAL
IDENT "eq"
IDENT "a1"
IDENT "a2"
AND
IDENT "eq"
IDENT "b1"
IDENT "b2"
AND
IDENT "eq"
IDENT "c1"
IDENT "c2"
NEWLINE
DEDENT
NEWLINE
EXPORT
IMPL
UPPER "Eq"
LPAREN
IDENT "a"
COMMA
IDENT "b"
COMMA
IDENT "c"
COMMA
IDENT "d"
RPAREN
REQUIRES
UPPER "Eq"
IDENT "a"
COMMA
UPPER "Eq"
IDENT "b"
COMMA
UPPER "Eq"
IDENT "c"
COMMA
UPPER "Eq"
IDENT "d"
WHERE
INDENT
IDENT "eq"
LPAREN
IDENT "a1"
COMMA
IDENT "b1"
COMMA
IDENT "c1"
COMMA
IDENT "d1"
RPAREN
LPAREN
IDENT "a2"
COMMA
IDENT "b2"
COMMA
IDENT "c2"
COMMA
IDENT "d2"
RPAREN
EQUAL
IDENT "eq"
IDENT "a1"
IDENT "a2"
AND
IDENT "eq"
IDENT "b1"
IDENT "b2"
AND
IDENT "eq"
IDENT "c1"
IDENT "c2"
AND
IDENT "eq"
IDENT "d1"
IDENT "d2"
NEWLINE
DEDENT
NEWLINE
EXPORT
IMPL
UPPER "Eq"
LPAREN
IDENT "a"
COMMA
IDENT "b"
COMMA
IDENT "c"
COMMA
IDENT "d"
COMMA
IDENT "e"
RPAREN
REQUIRES
UPPER "Eq"
IDENT "a"
COMMA
UPPER "Eq"
IDENT "b"
COMMA
UPPER "Eq"
IDENT "c"
COMMA
UPPER "Eq"
IDENT "d"
COMMA
UPPER "Eq"
IDENT "e"
WHERE
INDENT
IDENT "eq"
LPAREN
IDENT "a1"
COMMA
IDENT "b1"
COMMA
IDENT "c1"
COMMA
IDENT "d1"
COMMA
IDENT "e1"
RPAREN
LPAREN
IDENT "a2"
COMMA
IDENT "b2"
COMMA
IDENT "c2"
COMMA
IDENT "d2"
COMMA
IDENT "e2"
RPAREN
EQUAL
IDENT "eq"
IDENT "a1"
IDENT "a2"
AND
IDENT "eq"
IDENT "b1"
IDENT "b2"
AND
IDENT "eq"
IDENT "c1"
IDENT "c2"
AND
IDENT "eq"
IDENT "d1"
IDENT "d2"
AND
IDENT "eq"
IDENT "e1"
IDENT "e2"
NEWLINE
DEDENT
NEWLINE
EXPORT
INTERFACE
UPPER "Semigroup"
IDENT "a"
WHERE
INDENT
IDENT "append"
COLON
IDENT "a"
ARROW
IDENT "a"
ARROW
IDENT "a"
NEWLINE
DEDENT
NEWLINE
EXPORT
IMPL
UPPER "Semigroup"
LPAREN
UPPER "List"
IDENT "a"
RPAREN
WHERE
INDENT
IDENT "append"
IDENT "xs"
IDENT "ys"
EQUAL
IDENT "xs"
PLUSPLUS
IDENT "ys"
NEWLINE
DEDENT
NEWLINE
EXPORT
IMPL
UPPER "Semigroup"
UPPER "String"
WHERE
INDENT
IDENT "append"
IDENT "s1"
IDENT "s2"
EQUAL
IDENT "s1"
PLUSPLUS
IDENT "s2"
NEWLINE
DEDENT
NEWLINE
EXPORT
INTERFACE
UPPER "Monoid"
IDENT "a"
REQUIRES
UPPER "Semigroup"
IDENT "a"
WHERE
INDENT
IDENT "empty"
COLON
IDENT "a"
NEWLINE
DEDENT
NEWLINE
EXPORT
IMPL
UPPER "Monoid"
LPAREN
UPPER "List"
IDENT "a"
RPAREN
WHERE
INDENT
IDENT "empty"
EQUAL
LBRACKET
RBRACKET
NEWLINE
DEDENT
NEWLINE
EXPORT
IMPL
UPPER "Monoid"
UPPER "String"
WHERE
INDENT
IDENT "empty"
EQUAL
STRING ""
NEWLINE
DEDENT
NEWLINE
EXPORT
INTERFACE
UPPER "Ord"
IDENT "a"
REQUIRES
UPPER "Eq"
IDENT "a"
WHERE
INDENT
IDENT "compare"
COLON
IDENT "a"
ARROW
IDENT "a"
ARROW
UPPER "Ordering"
NEWLINE
IDENT "lt"
COLON
IDENT "a"
ARROW
IDENT "a"
ARROW
UPPER "Bool"
NEWLINE
IDENT "gt"
COLON
IDENT "a"
ARROW
IDENT "a"
ARROW
UPPER "Bool"
NEWLINE
IDENT "lte"
COLON
IDENT "a"
ARROW
IDENT "a"
ARROW
UPPER "Bool"
NEWLINE
IDENT "gte"
COLON
IDENT "a"
ARROW
IDENT "a"
ARROW
UPPER "Bool"
NEWLINE
IDENT "min"
COLON
IDENT "a"
ARROW
IDENT "a"
ARROW
IDENT "a"
NEWLINE
IDENT "max"
COLON
IDENT "a"
ARROW
IDENT "a"
ARROW
IDENT "a"
NEWLINE
IDENT "lt"
IDENT "x"
IDENT "y"
EQUAL
MATCH
IDENT "compare"
IDENT "x"
IDENT "y"
INDENT
UPPER "Lt"
FAT_ARROW
UPPER "True"
NEWLINE
UNDERSCORE
FAT_ARROW
UPPER "False"
NEWLINE
DEDENT
NEWLINE
IDENT "gt"
IDENT "x"
IDENT "y"
EQUAL
MATCH
IDENT "compare"
IDENT "x"
IDENT "y"
INDENT
UPPER "Gt"
FAT_ARROW
UPPER "True"
NEWLINE
UNDERSCORE
FAT_ARROW
UPPER "False"
NEWLINE
DEDENT
NEWLINE
IDENT "lte"
IDENT "x"
IDENT "y"
EQUAL
MATCH
IDENT "compare"
IDENT "x"
IDENT "y"
INDENT
UPPER "Gt"
FAT_ARROW
UPPER "False"
NEWLINE
UNDERSCORE
FAT_ARROW
UPPER "True"
NEWLINE
DEDENT
NEWLINE
IDENT "gte"
IDENT "x"
IDENT "y"
EQUAL
MATCH
IDENT "compare"
IDENT "x"
IDENT "y"
INDENT
UPPER "Lt"
FAT_ARROW
UPPER "False"
NEWLINE
UNDERSCORE
FAT_ARROW
UPPER "True"
NEWLINE
DEDENT
NEWLINE
IDENT "min"
IDENT "x"
IDENT "y"
EQUAL
MATCH
IDENT "compare"
IDENT "x"
IDENT "y"
INDENT
UPPER "Gt"
FAT_ARROW
IDENT "y"
NEWLINE
UNDERSCORE
FAT_ARROW
IDENT "x"
NEWLINE
DEDENT
NEWLINE
IDENT "max"
IDENT "x"
IDENT "y"
EQUAL
MATCH
IDENT "compare"
IDENT "x"
IDENT "y"
INDENT
UPPER "Lt"
FAT_ARROW
IDENT "y"
NEWLINE
UNDERSCORE
FAT_ARROW
IDENT "x"
NEWLINE
DEDENT
NEWLINE
DEDENT
NEWLINE
EXPORT
NEWLINE
IDENT "clamp"
COLON
UPPER "Ord"
IDENT "a"
FAT_ARROW
IDENT "a"
ARROW
IDENT "a"
ARROW
IDENT "a"
ARROW
IDENT "a"
NEWLINE
IDENT "clamp"
IDENT "lo"
IDENT "hi"
EQUAL
IDENT "min"
IDENT "hi"
RCOMPOSE
IDENT "max"
IDENT "lo"
NEWLINE
EXPORT
IMPL
UPPER "Ord"
UPPER "Int"
WHERE
INDENT
IDENT "compare"
IDENT "a"
IDENT "b"
EQUAL
IF
IDENT "a"
LT
IDENT "b"
THEN
UPPER "Lt"
ELSE
IF
IDENT "a"
GT
IDENT "b"
THEN
UPPER "Gt"
ELSE
UPPER "Eq"
NEWLINE
DEDENT
NEWLINE
EXPORT
IMPL
UPPER "Ord"
UPPER "Float"
WHERE
INDENT
IDENT "compare"
IDENT "a"
IDENT "b"
EQUAL
IF
IDENT "a"
LT
IDENT "b"
THEN
UPPER "Lt"
ELSE
IF
IDENT "a"
GT
IDENT "b"
THEN
UPPER "Gt"
ELSE
UPPER "Eq"
NEWLINE
DEDENT
NEWLINE
EXPORT
IMPL
UPPER "Ord"
UPPER "String"
WHERE
INDENT
IDENT "compare"
IDENT "a"
IDENT "b"
EQUAL
IF
IDENT "a"
LT
IDENT "b"
THEN
UPPER "Lt"
ELSE
IF
IDENT "a"
GT
IDENT "b"
THEN
UPPER "Gt"
ELSE
UPPER "Eq"
NEWLINE
DEDENT
NEWLINE
EXPORT
IMPL
UPPER "Ord"
UPPER "Char"
WHERE
INDENT
IDENT "compare"
IDENT "a"
IDENT "b"
EQUAL
IF
IDENT "a"
LT
IDENT "b"
THEN
UPPER "Lt"
ELSE
IF
IDENT "a"
GT
IDENT "b"
THEN
UPPER "Gt"
ELSE
UPPER "Eq"
NEWLINE
DEDENT
NEWLINE
IDENT "thenCmp"
COLON
UPPER "Ordering"
ARROW
UPPER "Ordering"
ARROW
UPPER "Ordering"
NEWLINE
IDENT "thenCmp"
UPPER "Eq"
IDENT "o"
EQUAL
IDENT "o"
NEWLINE
IDENT "thenCmp"
IDENT "o"
UNDERSCORE
EQUAL
IDENT "o"
NEWLINE
EXPORT
IMPL
UPPER "Ord"
LPAREN
IDENT "a"
COMMA
IDENT "b"
RPAREN
REQUIRES
UPPER "Ord"
IDENT "a"
COMMA
UPPER "Ord"
IDENT "b"
WHERE
INDENT
IDENT "compare"
LPAREN
IDENT "a1"
COMMA
IDENT "b1"
RPAREN
LPAREN
IDENT "a2"
COMMA
IDENT "b2"
RPAREN
EQUAL
IDENT "thenCmp"
LPAREN
IDENT "compare"
IDENT "a1"
IDENT "a2"
RPAREN
LPAREN
IDENT "compare"
IDENT "b1"
IDENT "b2"
RPAREN
NEWLINE
DEDENT
NEWLINE
EXPORT
IMPL
UPPER "Ord"
LPAREN
IDENT "a"
COMMA
IDENT "b"
COMMA
IDENT "c"
RPAREN
REQUIRES
UPPER "Ord"
IDENT "a"
COMMA
UPPER "Ord"
IDENT "b"
COMMA
UPPER "Ord"
IDENT "c"
WHERE
INDENT
IDENT "compare"
LPAREN
IDENT "a1"
COMMA
IDENT "b1"
COMMA
IDENT "c1"
RPAREN
LPAREN
IDENT "a2"
COMMA
IDENT "b2"
COMMA
IDENT "c2"
RPAREN
EQUAL
INDENT
IDENT "thenCmp"
LPAREN
IDENT "compare"
IDENT "a1"
IDENT "a2"
RPAREN
LPAREN
IDENT "thenCmp"
LPAREN
IDENT "compare"
IDENT "b1"
IDENT "b2"
RPAREN
LPAREN
IDENT "compare"
IDENT "c1"
IDENT "c2"
RPAREN
RPAREN
NEWLINE
DEDENT
NEWLINE
DEDENT
NEWLINE
EXPORT
IMPL
UPPER "Ord"
LPAREN
IDENT "a"
COMMA
IDENT "b"
COMMA
IDENT "c"
COMMA
IDENT "d"
RPAREN
REQUIRES
UPPER "Ord"
IDENT "a"
COMMA
UPPER "Ord"
IDENT "b"
COMMA
UPPER "Ord"
IDENT "c"
COMMA
UPPER "Ord"
IDENT "d"
WHERE
INDENT
IDENT "compare"
LPAREN
IDENT "a1"
COMMA
IDENT "b1"
COMMA
IDENT "c1"
COMMA
IDENT "d1"
RPAREN
LPAREN
IDENT "a2"
COMMA
IDENT "b2"
COMMA
IDENT "c2"
COMMA
IDENT "d2"
RPAREN
EQUAL
INDENT
IDENT "thenCmp"
LPAREN
IDENT "compare"
IDENT "a1"
IDENT "a2"
RPAREN
LPAREN
IDENT "thenCmp"
LPAREN
IDENT "compare"
IDENT "b1"
IDENT "b2"
RPAREN
LPAREN
IDENT "thenCmp"
LPAREN
IDENT "compare"
IDENT "c1"
IDENT "c2"
RPAREN
LPAREN
IDENT "compare"
IDENT "d1"
IDENT "d2"
RPAREN
RPAREN
RPAREN
NEWLINE
DEDENT
NEWLINE
DEDENT
NEWLINE
EXPORT
IMPL
UPPER "Ord"
LPAREN
IDENT "a"
COMMA
IDENT "b"
COMMA
IDENT "c"
COMMA
IDENT "d"
COMMA
IDENT "e"
RPAREN
REQUIRES
UPPER "Ord"
IDENT "a"
COMMA
UPPER "Ord"
IDENT "b"
COMMA
UPPER "Ord"
IDENT "c"
COMMA
UPPER "Ord"
IDENT "d"
COMMA
UPPER "Ord"
IDENT "e"
WHERE
INDENT
IDENT "compare"
LPAREN
IDENT "a1"
COMMA
IDENT "b1"
COMMA
IDENT "c1"
COMMA
IDENT "d1"
COMMA
IDENT "e1"
RPAREN
LPAREN
IDENT "a2"
COMMA
IDENT "b2"
COMMA
IDENT "c2"
COMMA
IDENT "d2"
COMMA
IDENT "e2"
RPAREN
EQUAL
INDENT
IDENT "thenCmp"
LPAREN
IDENT "compare"
IDENT "a1"
IDENT "a2"
RPAREN
LPAREN
IDENT "thenCmp"
LPAREN
IDENT "compare"
IDENT "b1"
IDENT "b2"
RPAREN
LPAREN
IDENT "thenCmp"
LPAREN
IDENT "compare"
IDENT "c1"
IDENT "c2"
RPAREN
LPAREN
IDENT "thenCmp"
LPAREN
IDENT "compare"
IDENT "d1"
IDENT "d2"
RPAREN
LPAREN
IDENT "compare"
IDENT "e1"
IDENT "e2"
RPAREN
RPAREN
RPAREN
RPAREN
NEWLINE
DEDENT
NEWLINE
DEDENT
NEWLINE
EXPORT
IMPL
UPPER "Ord"
LPAREN
UPPER "List"
IDENT "a"
RPAREN
REQUIRES
UPPER "Ord"
IDENT "a"
WHERE
INDENT
IDENT "compare"
LBRACKET
RBRACKET
LBRACKET
RBRACKET
EQUAL
UPPER "Eq"
NEWLINE
IDENT "compare"
LBRACKET
RBRACKET
UNDERSCORE
EQUAL
UPPER "Lt"
NEWLINE
IDENT "compare"
UNDERSCORE
LBRACKET
RBRACKET
EQUAL
UPPER "Gt"
NEWLINE
IDENT "compare"
LPAREN
IDENT "x"
CONS
IDENT "xs"
RPAREN
LPAREN
IDENT "y"
CONS
IDENT "ys"
RPAREN
EQUAL
IDENT "thenCmp"
LPAREN
IDENT "compare"
IDENT "x"
IDENT "y"
RPAREN
LPAREN
IDENT "compare"
IDENT "xs"
IDENT "ys"
RPAREN
NEWLINE
DEDENT
NEWLINE
EXPORT
IMPL
UPPER "Ord"
LPAREN
UPPER "Option"
IDENT "a"
RPAREN
REQUIRES
UPPER "Ord"
IDENT "a"
WHERE
INDENT
IDENT "compare"
UPPER "None"
UPPER "None"
EQUAL
UPPER "Eq"
NEWLINE
IDENT "compare"
UPPER "None"
LPAREN
UPPER "Some"
UNDERSCORE
RPAREN
EQUAL
UPPER "Lt"
NEWLINE
IDENT "compare"
LPAREN
UPPER "Some"
UNDERSCORE
RPAREN
UPPER "None"
EQUAL
UPPER "Gt"
NEWLINE
IDENT "compare"
LPAREN
UPPER "Some"
IDENT "x"
RPAREN
LPAREN
UPPER "Some"
IDENT "y"
RPAREN
EQUAL
IDENT "compare"
IDENT "x"
IDENT "y"
NEWLINE
DEDENT
NEWLINE
EXPORT
IMPL
UPPER "Ord"
LPAREN
UPPER "Result"
IDENT "e"
IDENT "a"
RPAREN
REQUIRES
UPPER "Ord"
IDENT "e"
COMMA
UPPER "Ord"
IDENT "a"
WHERE
INDENT
IDENT "compare"
LPAREN
UPPER "Err"
IDENT "x"
RPAREN
LPAREN
UPPER "Err"
IDENT "y"
RPAREN
EQUAL
IDENT "compare"
IDENT "x"
IDENT "y"
NEWLINE
IDENT "compare"
LPAREN
UPPER "Err"
UNDERSCORE
RPAREN
LPAREN
UPPER "Ok"
UNDERSCORE
RPAREN
EQUAL
UPPER "Lt"
NEWLINE
IDENT "compare"
LPAREN
UPPER "Ok"
UNDERSCORE
RPAREN
LPAREN
UPPER "Err"
UNDERSCORE
RPAREN
EQUAL
UPPER "Gt"
NEWLINE
IDENT "compare"
LPAREN
UPPER "Ok"
IDENT "x"
RPAREN
LPAREN
UPPER "Ok"
IDENT "y"
RPAREN
EQUAL
IDENT "compare"
IDENT "x"
IDENT "y"
NEWLINE
DEDENT
NEWLINE
EXPORT
INTERFACE
UPPER "Debug"
IDENT "a"
WHERE
INDENT
IDENT "debug"
COLON
IDENT "a"
ARROW
UPPER "String"
NEWLINE
DEDENT
NEWLINE
EXPORT
IMPL
UPPER "Debug"
UPPER "Int"
WHERE
INDENT
IDENT "debug"
IDENT "n"
EQUAL
IDENT "intToString"
IDENT "n"
NEWLINE
DEDENT
NEWLINE
EXPORT
IMPL
UPPER "Debug"
UPPER "Float"
WHERE
INDENT
IDENT "debug"
IDENT "x"
EQUAL
IDENT "floatToString"
IDENT "x"
NEWLINE
DEDENT
NEWLINE
EXPORT
IMPL
UPPER "Debug"
UPPER "Bool"
WHERE
INDENT
IDENT "debug"
UPPER "True"
EQUAL
STRING "True"
NEWLINE
IDENT "debug"
UPPER "False"
EQUAL
STRING "False"
NEWLINE
DEDENT
NEWLINE
EXPORT
IMPL
UPPER "Debug"
UPPER "Unit"
WHERE
INDENT
IDENT "debug"
UNDERSCORE
EQUAL
STRING "()"
NEWLINE
DEDENT
NEWLINE
EXPORT
IMPL
UPPER "Debug"
UPPER "Ordering"
WHERE
INDENT
IDENT "debug"
UPPER "Lt"
EQUAL
STRING "Lt"
NEWLINE
IDENT "debug"
UPPER "Eq"
EQUAL
STRING "Eq"
NEWLINE
IDENT "debug"
UPPER "Gt"
EQUAL
STRING "Gt"
NEWLINE
DEDENT
NEWLINE
EXPORT
IMPL
UPPER "Debug"
UPPER "String"
WHERE
INDENT
IDENT "debug"
IDENT "s"
EQUAL
IDENT "debugStringLit"
IDENT "s"
NEWLINE
DEDENT
NEWLINE
EXPORT
IMPL
UPPER "Debug"
UPPER "Char"
WHERE
INDENT
IDENT "debug"
IDENT "c"
EQUAL
IDENT "debugCharLit"
IDENT "c"
NEWLINE
DEDENT
NEWLINE
IDENT "debugListItems"
COLON
UPPER "Debug"
IDENT "a"
FAT_ARROW
UPPER "List"
IDENT "a"
ARROW
UPPER "String"
NEWLINE
IDENT "debugListItems"
LBRACKET
RBRACKET
EQUAL
STRING ""
NEWLINE
IDENT "debugListItems"
LBRACKET
IDENT "x"
RBRACKET
EQUAL
IDENT "debug"
IDENT "x"
NEWLINE
IDENT "debugListItems"
LPAREN
IDENT "y"
CONS
IDENT "rest"
RPAREN
EQUAL
INTERP_OPEN ""
IDENT "debug"
IDENT "y"
INTERP_MID ", "
IDENT "debugListItems"
IDENT "rest"
INTERP_END ""
NEWLINE
EXPORT
IMPL
UPPER "Debug"
LPAREN
UPPER "List"
IDENT "a"
RPAREN
REQUIRES
UPPER "Debug"
IDENT "a"
WHERE
INDENT
IDENT "debug"
IDENT "xs"
EQUAL
INTERP_OPEN "["
IDENT "debugListItems"
IDENT "xs"
INTERP_END "]"
NEWLINE
DEDENT
NEWLINE
EXPORT
IMPL
UPPER "Debug"
LPAREN
UPPER "Option"
IDENT "a"
RPAREN
REQUIRES
UPPER "Debug"
IDENT "a"
WHERE
INDENT
IDENT "debug"
UPPER "None"
EQUAL
STRING "None"
NEWLINE
IDENT "debug"
LPAREN
UPPER "Some"
IDENT "x"
RPAREN
EQUAL
STRING "Some "
PLUSPLUS
IDENT "debug"
IDENT "x"
NEWLINE
DEDENT
NEWLINE
EXPORT
IMPL
UPPER "Debug"
LPAREN
UPPER "Result"
IDENT "e"
IDENT "a"
RPAREN
REQUIRES
UPPER "Debug"
IDENT "e"
COMMA
UPPER "Debug"
IDENT "a"
WHERE
INDENT
IDENT "debug"
LPAREN
UPPER "Ok"
IDENT "x"
RPAREN
EQUAL
STRING "Ok "
PLUSPLUS
IDENT "debug"
IDENT "x"
NEWLINE
IDENT "debug"
LPAREN
UPPER "Err"
IDENT "e"
RPAREN
EQUAL
STRING "Err "
PLUSPLUS
IDENT "debug"
IDENT "e"
NEWLINE
DEDENT
NEWLINE
EXPORT
IMPL
UPPER "Debug"
LPAREN
IDENT "a"
COMMA
IDENT "b"
RPAREN
REQUIRES
UPPER "Debug"
IDENT "a"
COMMA
UPPER "Debug"
IDENT "b"
WHERE
INDENT
IDENT "debug"
LPAREN
IDENT "a"
COMMA
IDENT "b"
RPAREN
EQUAL
INTERP_OPEN "("
IDENT "debug"
IDENT "a"
INTERP_MID ", "
IDENT "debug"
IDENT "b"
INTERP_END ")"
NEWLINE
DEDENT
NEWLINE
EXPORT
IMPL
UPPER "Debug"
LPAREN
IDENT "a"
COMMA
IDENT "b"
COMMA
IDENT "c"
RPAREN
REQUIRES
UPPER "Debug"
IDENT "a"
COMMA
UPPER "Debug"
IDENT "b"
COMMA
UPPER "Debug"
IDENT "c"
WHERE
INDENT
IDENT "debug"
LPAREN
IDENT "a"
COMMA
IDENT "b"
COMMA
IDENT "c"
RPAREN
EQUAL
INTERP_OPEN "("
IDENT "debug"
IDENT "a"
INTERP_MID ", "
IDENT "debug"
IDENT "b"
INTERP_MID ", "
IDENT "debug"
IDENT "c"
INTERP_END ")"
NEWLINE
DEDENT
NEWLINE
EXPORT
IMPL
UPPER "Debug"
LPAREN
IDENT "a"
COMMA
IDENT "b"
COMMA
IDENT "c"
COMMA
IDENT "d"
RPAREN
REQUIRES
UPPER "Debug"
IDENT "a"
COMMA
UPPER "Debug"
IDENT "b"
COMMA
UPPER "Debug"
IDENT "c"
COMMA
UPPER "Debug"
IDENT "d"
WHERE
INDENT
IDENT "debug"
LPAREN
IDENT "a"
COMMA
IDENT "b"
COMMA
IDENT "c"
COMMA
IDENT "d"
RPAREN
EQUAL
INTERP_OPEN "("
IDENT "debug"
IDENT "a"
INTERP_MID ", "
IDENT "debug"
IDENT "b"
INTERP_MID ", "
IDENT "debug"
IDENT "c"
INTERP_MID ", "
IDENT "debug"
IDENT "d"
INTERP_END ")"
NEWLINE
DEDENT
NEWLINE
EXPORT
IMPL
UPPER "Debug"
LPAREN
IDENT "a"
COMMA
IDENT "b"
COMMA
IDENT "c"
COMMA
IDENT "d"
COMMA
IDENT "e"
RPAREN
REQUIRES
UPPER "Debug"
IDENT "a"
COMMA
UPPER "Debug"
IDENT "b"
COMMA
UPPER "Debug"
IDENT "c"
COMMA
UPPER "Debug"
IDENT "d"
COMMA
UPPER "Debug"
IDENT "e"
WHERE
INDENT
IDENT "debug"
LPAREN
IDENT "a"
COMMA
IDENT "b"
COMMA
IDENT "c"
COMMA
IDENT "d"
COMMA
IDENT "e"
RPAREN
EQUAL
INTERP_OPEN "("
IDENT "debug"
IDENT "a"
INTERP_MID ", "
IDENT "debug"
IDENT "b"
INTERP_MID ", "
IDENT "debug"
IDENT "c"
INTERP_MID ", "
IDENT "debug"
IDENT "d"
INTERP_MID ", "
IDENT "debug"
IDENT "e"
INTERP_END ")"
NEWLINE
DEDENT
NEWLINE
EXPORT
INTERFACE
UPPER "Display"
IDENT "a"
WHERE
INDENT
IDENT "display"
COLON
IDENT "a"
ARROW
UPPER "String"
NEWLINE
DEDENT
NEWLINE
EXPORT
IMPL
UPPER "Display"
UPPER "Int"
WHERE
INDENT
IDENT "display"
IDENT "n"
EQUAL
IDENT "intToString"
IDENT "n"
NEWLINE
DEDENT
NEWLINE
EXPORT
IMPL
UPPER "Display"
UPPER "Float"
WHERE
INDENT
IDENT "display"
IDENT "x"
EQUAL
IDENT "floatToString"
IDENT "x"
NEWLINE
DEDENT
NEWLINE
EXPORT
IMPL
UPPER "Display"
UPPER "Bool"
WHERE
INDENT
IDENT "display"
UPPER "True"
EQUAL
STRING "True"
NEWLINE
IDENT "display"
UPPER "False"
EQUAL
STRING "False"
NEWLINE
DEDENT
NEWLINE
EXPORT
IMPL
UPPER "Display"
UPPER "Unit"
WHERE
INDENT
IDENT "display"
UNDERSCORE
EQUAL
STRING "()"
NEWLINE
DEDENT
NEWLINE
EXPORT
IMPL
UPPER "Display"
UPPER "Ordering"
WHERE
INDENT
IDENT "display"
UPPER "Lt"
EQUAL
STRING "Lt"
NEWLINE
IDENT "display"
UPPER "Eq"
EQUAL
STRING "Eq"
NEWLINE
IDENT "display"
UPPER "Gt"
EQUAL
STRING "Gt"
NEWLINE
DEDENT
NEWLINE
EXPORT
IMPL
UPPER "Display"
UPPER "String"
WHERE
INDENT
IDENT "display"
IDENT "s"
EQUAL
IDENT "s"
NEWLINE
DEDENT
NEWLINE
EXPORT
IMPL
UPPER "Display"
UPPER "Char"
WHERE
INDENT
IDENT "display"
IDENT "c"
EQUAL
IDENT "charToStr"
IDENT "c"
NEWLINE
DEDENT
NEWLINE
IDENT "displayListItems"
COLON
UPPER "Display"
IDENT "a"
FAT_ARROW
UPPER "List"
IDENT "a"
ARROW
UPPER "String"
NEWLINE
IDENT "displayListItems"
LBRACKET
RBRACKET
EQUAL
STRING ""
NEWLINE
IDENT "displayListItems"
LBRACKET
IDENT "x"
RBRACKET
EQUAL
IDENT "display"
IDENT "x"
NEWLINE
IDENT "displayListItems"
LPAREN
IDENT "y"
CONS
IDENT "rest"
RPAREN
EQUAL
INTERP_OPEN ""
IDENT "y"
INTERP_MID ", "
IDENT "displayListItems"
IDENT "rest"
INTERP_END ""
NEWLINE
EXPORT
IMPL
UPPER "Display"
LPAREN
UPPER "List"
IDENT "a"
RPAREN
REQUIRES
UPPER "Display"
IDENT "a"
WHERE
INDENT
IDENT "display"
IDENT "xs"
EQUAL
INTERP_OPEN "["
IDENT "displayListItems"
IDENT "xs"
INTERP_END "]"
NEWLINE
DEDENT
NEWLINE
EXPORT
IMPL
UPPER "Display"
LPAREN
UPPER "Option"
IDENT "a"
RPAREN
REQUIRES
UPPER "Display"
IDENT "a"
WHERE
INDENT
IDENT "display"
UPPER "None"
EQUAL
STRING "None"
NEWLINE
IDENT "display"
LPAREN
UPPER "Some"
IDENT "x"
RPAREN
EQUAL
STRING "Some "
PLUSPLUS
IDENT "display"
IDENT "x"
NEWLINE
DEDENT
NEWLINE
EXPORT
IMPL
UPPER "Display"
LPAREN
UPPER "Result"
IDENT "e"
IDENT "a"
RPAREN
REQUIRES
UPPER "Display"
IDENT "e"
COMMA
UPPER "Display"
IDENT "a"
WHERE
INDENT
IDENT "display"
LPAREN
UPPER "Ok"
IDENT "x"
RPAREN
EQUAL
STRING "Ok "
PLUSPLUS
IDENT "display"
IDENT "x"
NEWLINE
IDENT "display"
LPAREN
UPPER "Err"
IDENT "e"
RPAREN
EQUAL
STRING "Err "
PLUSPLUS
IDENT "display"
IDENT "e"
NEWLINE
DEDENT
NEWLINE
EXPORT
IMPL
UPPER "Display"
LPAREN
IDENT "a"
COMMA
IDENT "b"
RPAREN
REQUIRES
UPPER "Display"
IDENT "a"
COMMA
UPPER "Display"
IDENT "b"
WHERE
INDENT
IDENT "display"
LPAREN
IDENT "a"
COMMA
IDENT "b"
RPAREN
EQUAL
INTERP_OPEN "("
IDENT "a"
INTERP_MID ", "
IDENT "b"
INTERP_END ")"
NEWLINE
DEDENT
NEWLINE
EXPORT
IMPL
UPPER "Display"
LPAREN
IDENT "a"
COMMA
IDENT "b"
COMMA
IDENT "c"
RPAREN
REQUIRES
UPPER "Display"
IDENT "a"
COMMA
UPPER "Display"
IDENT "b"
COMMA
UPPER "Display"
IDENT "c"
WHERE
INDENT
IDENT "display"
LPAREN
IDENT "a"
COMMA
IDENT "b"
COMMA
IDENT "c"
RPAREN
EQUAL
INTERP_OPEN "("
IDENT "a"
INTERP_MID ", "
IDENT "b"
INTERP_MID ", "
IDENT "c"
INTERP_END ")"
NEWLINE
DEDENT
NEWLINE
EXPORT
IMPL
UPPER "Display"
LPAREN
IDENT "a"
COMMA
IDENT "b"
COMMA
IDENT "c"
COMMA
IDENT "d"
RPAREN
REQUIRES
UPPER "Display"
IDENT "a"
COMMA
UPPER "Display"
IDENT "b"
COMMA
UPPER "Display"
IDENT "c"
COMMA
UPPER "Display"
IDENT "d"
WHERE
INDENT
IDENT "display"
LPAREN
IDENT "a"
COMMA
IDENT "b"
COMMA
IDENT "c"
COMMA
IDENT "d"
RPAREN
EQUAL
INTERP_OPEN "("
IDENT "a"
INTERP_MID ", "
IDENT "b"
INTERP_MID ", "
IDENT "c"
INTERP_MID ", "
IDENT "d"
INTERP_END ")"
NEWLINE
DEDENT
NEWLINE
EXPORT
IMPL
UPPER "Display"
LPAREN
IDENT "a"
COMMA
IDENT "b"
COMMA
IDENT "c"
COMMA
IDENT "d"
COMMA
IDENT "e"
RPAREN
REQUIRES
UPPER "Display"
IDENT "a"
COMMA
UPPER "Display"
IDENT "b"
COMMA
UPPER "Display"
IDENT "c"
COMMA
UPPER "Display"
IDENT "d"
COMMA
UPPER "Display"
IDENT "e"
WHERE
INDENT
IDENT "display"
LPAREN
IDENT "a"
COMMA
IDENT "b"
COMMA
IDENT "c"
COMMA
IDENT "d"
COMMA
IDENT "e"
RPAREN
EQUAL
INTERP_OPEN "("
IDENT "a"
INTERP_MID ", "
IDENT "b"
INTERP_MID ", "
IDENT "c"
INTERP_MID ", "
IDENT "d"
INTERP_MID ", "
IDENT "e"
INTERP_END ")"
NEWLINE
DEDENT
NEWLINE
EXPORT
INTERFACE
UPPER "Hashable"
IDENT "a"
WHERE
INDENT
IDENT "hash"
COLON
IDENT "a"
ARROW
UPPER "Int"
NEWLINE
DEDENT
NEWLINE
EXPORT
IMPL
UPPER "Hashable"
UPPER "Int"
WHERE
INDENT
IDENT "hash"
IDENT "n"
EQUAL
IDENT "hashInt"
IDENT "n"
NEWLINE
DEDENT
NEWLINE
EXPORT
IMPL
UPPER "Hashable"
UPPER "Float"
WHERE
INDENT
IDENT "hash"
IDENT "x"
EQUAL
IDENT "hashFloat"
IDENT "x"
NEWLINE
DEDENT
NEWLINE
EXPORT
IMPL
UPPER "Hashable"
UPPER "String"
WHERE
INDENT
IDENT "hash"
IDENT "s"
EQUAL
IDENT "hashString"
IDENT "s"
NEWLINE
DEDENT
NEWLINE
EXPORT
IMPL
UPPER "Hashable"
UPPER "Char"
WHERE
INDENT
IDENT "hash"
IDENT "c"
EQUAL
IDENT "hashChar"
IDENT "c"
NEWLINE
DEDENT
NEWLINE
EXPORT
IMPL
UPPER "Hashable"
UPPER "Bool"
WHERE
INDENT
IDENT "hash"
IDENT "b"
EQUAL
IDENT "hashBool"
IDENT "b"
NEWLINE
DEDENT
NEWLINE
EXPORT
IMPL
UPPER "Hashable"
UPPER "Unit"
WHERE
INDENT
IDENT "hash"
UNDERSCORE
EQUAL
INT 0
NEWLINE
DEDENT
NEWLINE
EXPORT
IMPL
UPPER "Hashable"
UPPER "Ordering"
WHERE
INDENT
IDENT "hash"
UPPER "Lt"
EQUAL
INT 0
NEWLINE
IDENT "hash"
UPPER "Eq"
EQUAL
INT 1
NEWLINE
IDENT "hash"
UPPER "Gt"
EQUAL
INT 2
NEWLINE
DEDENT
NEWLINE
EXPORT
IMPL
UPPER "Hashable"
LPAREN
UPPER "Option"
IDENT "a"
RPAREN
REQUIRES
UPPER "Hashable"
IDENT "a"
WHERE
INDENT
IDENT "hash"
UPPER "None"
EQUAL
INT 1
NEWLINE
IDENT "hash"
LPAREN
UPPER "Some"
IDENT "x"
RPAREN
EQUAL
IDENT "hash"
IDENT "x"
NEWLINE
DEDENT
NEWLINE
EXPORT
IMPL
UPPER "Hashable"
LPAREN
UPPER "Result"
IDENT "e"
IDENT "a"
RPAREN
REQUIRES
UPPER "Hashable"
IDENT "e"
COMMA
UPPER "Hashable"
IDENT "a"
WHERE
INDENT
IDENT "hash"
LPAREN
UPPER "Ok"
IDENT "x"
RPAREN
EQUAL
IDENT "hash"
IDENT "x"
NEWLINE
IDENT "hash"
LPAREN
UPPER "Err"
IDENT "e"
RPAREN
EQUAL
INT 33
PLUS
IDENT "hash"
IDENT "e"
NEWLINE
DEDENT
NEWLINE
IDENT "hashListItems"
COLON
UPPER "Hashable"
IDENT "a"
FAT_ARROW
UPPER "Int"
ARROW
UPPER "List"
IDENT "a"
ARROW
UPPER "Int"
NEWLINE
IDENT "hashListItems"
IDENT "acc"
LBRACKET
RBRACKET
EQUAL
IDENT "acc"
NEWLINE
IDENT "hashListItems"
IDENT "acc"
LPAREN
IDENT "x"
CONS
IDENT "xs"
RPAREN
EQUAL
IDENT "hashListItems"
LPAREN
IDENT "acc"
STAR
INT 33
PLUS
IDENT "hash"
IDENT "x"
RPAREN
IDENT "xs"
NEWLINE
EXPORT
IMPL
UPPER "Hashable"
LPAREN
UPPER "List"
IDENT "a"
RPAREN
REQUIRES
UPPER "Hashable"
IDENT "a"
WHERE
INDENT
IDENT "hash"
IDENT "xs"
EQUAL
IDENT "hashListItems"
INT 0
IDENT "xs"
NEWLINE
DEDENT
NEWLINE
EXPORT
IMPL
UPPER "Hashable"
LPAREN
IDENT "a"
COMMA
IDENT "b"
RPAREN
REQUIRES
UPPER "Hashable"
IDENT "a"
COMMA
UPPER "Hashable"
IDENT "b"
WHERE
INDENT
IDENT "hash"
LPAREN
IDENT "a"
COMMA
IDENT "b"
RPAREN
EQUAL
IDENT "hash"
IDENT "a"
STAR
INT 33
PLUS
IDENT "hash"
IDENT "b"
NEWLINE
DEDENT
NEWLINE
EXPORT
IMPL
UPPER "Hashable"
LPAREN
IDENT "a"
COMMA
IDENT "b"
COMMA
IDENT "c"
RPAREN
REQUIRES
UPPER "Hashable"
IDENT "a"
COMMA
UPPER "Hashable"
IDENT "b"
COMMA
UPPER "Hashable"
IDENT "c"
WHERE
INDENT
IDENT "hash"
LPAREN
IDENT "a"
COMMA
IDENT "b"
COMMA
IDENT "c"
RPAREN
EQUAL
LPAREN
IDENT "hash"
IDENT "a"
STAR
INT 33
PLUS
IDENT "hash"
IDENT "b"
RPAREN
STAR
INT 33
PLUS
IDENT "hash"
IDENT "c"
NEWLINE
DEDENT
NEWLINE
EXPORT
IMPL
UPPER "Hashable"
LPAREN
IDENT "a"
COMMA
IDENT "b"
COMMA
IDENT "c"
COMMA
IDENT "d"
RPAREN
REQUIRES
UPPER "Hashable"
IDENT "a"
COMMA
UPPER "Hashable"
IDENT "b"
COMMA
UPPER "Hashable"
IDENT "c"
COMMA
UPPER "Hashable"
IDENT "d"
WHERE
INDENT
IDENT "hash"
LPAREN
IDENT "a"
COMMA
IDENT "b"
COMMA
IDENT "c"
COMMA
IDENT "d"
RPAREN
EQUAL
LPAREN
LPAREN
IDENT "hash"
IDENT "a"
STAR
INT 33
PLUS
IDENT "hash"
IDENT "b"
RPAREN
STAR
INT 33
PLUS
IDENT "hash"
IDENT "c"
RPAREN
STAR
INT 33
PLUS
IDENT "hash"
IDENT "d"
NEWLINE
DEDENT
NEWLINE
EXPORT
IMPL
UPPER "Hashable"
LPAREN
IDENT "a"
COMMA
IDENT "b"
COMMA
IDENT "c"
COMMA
IDENT "d"
COMMA
IDENT "e"
RPAREN
REQUIRES
UPPER "Hashable"
IDENT "a"
COMMA
UPPER "Hashable"
IDENT "b"
COMMA
UPPER "Hashable"
IDENT "c"
COMMA
UPPER "Hashable"
IDENT "d"
COMMA
UPPER "Hashable"
IDENT "e"
WHERE
INDENT
IDENT "hash"
LPAREN
IDENT "a"
COMMA
IDENT "b"
COMMA
IDENT "c"
COMMA
IDENT "d"
COMMA
IDENT "e"
RPAREN
EQUAL
LPAREN
LPAREN
LPAREN
IDENT "hash"
IDENT "a"
STAR
INT 33
PLUS
IDENT "hash"
IDENT "b"
RPAREN
STAR
INT 33
PLUS
IDENT "hash"
IDENT "c"
RPAREN
STAR
INT 33
PLUS
IDENT "hash"
IDENT "d"
RPAREN
STAR
INT 33
PLUS
IDENT "hash"
IDENT "e"
NEWLINE
DEDENT
NEWLINE
EXPORT
NEWLINE
IDENT "println"
COLON
UPPER "Display"
IDENT "a"
FAT_ARROW
IDENT "a"
ARROW
LT
UPPER "IO"
GT
UPPER "Unit"
NEWLINE
IDENT "println"
IDENT "x"
EQUAL
IDENT "putStrLn"
LPAREN
IDENT "display"
IDENT "x"
RPAREN
NEWLINE
EXPORT
NEWLINE
IDENT "print"
COLON
UPPER "Display"
IDENT "a"
FAT_ARROW
IDENT "a"
ARROW
LT
UPPER "IO"
GT
UPPER "Unit"
NEWLINE
IDENT "print"
IDENT "x"
EQUAL
IDENT "putStr"
LPAREN
IDENT "display"
IDENT "x"
RPAREN
NEWLINE
EXPORT
INTERFACE
UPPER "Num"
IDENT "a"
REQUIRES
UPPER "Eq"
IDENT "a"
WHERE
INDENT
IDENT "add"
COLON
IDENT "a"
ARROW
IDENT "a"
ARROW
IDENT "a"
NEWLINE
IDENT "sub"
COLON
IDENT "a"
ARROW
IDENT "a"
ARROW
IDENT "a"
NEWLINE
IDENT "mul"
COLON
IDENT "a"
ARROW
IDENT "a"
ARROW
IDENT "a"
NEWLINE
IDENT "div"
COLON
IDENT "a"
ARROW
IDENT "a"
ARROW
IDENT "a"
NEWLINE
IDENT "negate"
COLON
IDENT "a"
ARROW
IDENT "a"
NEWLINE
IDENT "abs"
COLON
IDENT "a"
ARROW
IDENT "a"
NEWLINE
IDENT "signum"
COLON
IDENT "a"
ARROW
IDENT "a"
NEWLINE
IDENT "fromInt"
COLON
UPPER "Int"
ARROW
IDENT "a"
NEWLINE
DEDENT
NEWLINE
EXPORT
IMPL
UPPER "Num"
UPPER "Int"
WHERE
INDENT
IDENT "add"
IDENT "a"
IDENT "b"
EQUAL
IDENT "a"
PLUS
IDENT "b"
NEWLINE
IDENT "sub"
IDENT "a"
IDENT "b"
EQUAL
IDENT "a"
MINUS
IDENT "b"
NEWLINE
IDENT "mul"
IDENT "a"
IDENT "b"
EQUAL
IDENT "a"
STAR
IDENT "b"
NEWLINE
IDENT "div"
IDENT "a"
IDENT "b"
EQUAL
IDENT "a"
SLASH
IDENT "b"
NEWLINE
IDENT "negate"
IDENT "a"
EQUAL
INT 0
MINUS
IDENT "a"
NEWLINE
IDENT "abs"
IDENT "a"
EQUAL
IF
IDENT "a"
LT
INT 0
THEN
INT 0
MINUS
IDENT "a"
ELSE
IDENT "a"
NEWLINE
IDENT "signum"
IDENT "a"
EQUAL
IF
IDENT "a"
GT
INT 0
THEN
INT 1
ELSE
IF
IDENT "a"
LT
INT 0
THEN
INT 0
MINUS
INT 1
ELSE
INT 0
NEWLINE
IDENT "fromInt"
IDENT "x"
EQUAL
IDENT "x"
NEWLINE
DEDENT
NEWLINE
EXPORT
IMPL
UPPER "Num"
UPPER "Float"
WHERE
INDENT
IDENT "add"
IDENT "a"
IDENT "b"
EQUAL
IDENT "a"
PLUS
IDENT "b"
NEWLINE
IDENT "sub"
IDENT "a"
IDENT "b"
EQUAL
IDENT "a"
MINUS
IDENT "b"
NEWLINE
IDENT "mul"
IDENT "a"
IDENT "b"
EQUAL
IDENT "a"
STAR
IDENT "b"
NEWLINE
IDENT "div"
IDENT "a"
IDENT "b"
EQUAL
IDENT "a"
SLASH
IDENT "b"
NEWLINE
IDENT "negate"
IDENT "a"
EQUAL
FLOAT 0
MINUS
IDENT "a"
NEWLINE
IDENT "abs"
IDENT "a"
EQUAL
IF
IDENT "a"
LT
FLOAT 0
THEN
FLOAT 0
MINUS
IDENT "a"
ELSE
IDENT "a"
NEWLINE
IDENT "signum"
IDENT "a"
EQUAL
IF
IDENT "a"
GT
FLOAT 0
THEN
FLOAT 1
ELSE
IF
IDENT "a"
LT
FLOAT 0
THEN
FLOAT 0
MINUS
FLOAT 1
ELSE
FLOAT 0
NEWLINE
IDENT "fromInt"
IDENT "x"
EQUAL
IDENT "intToFloat"
IDENT "x"
NEWLINE
DEDENT
NEWLINE
EXPORT
INTERFACE
UPPER "Bounded"
IDENT "a"
WHERE
INDENT
IDENT "minBound"
COLON
IDENT "a"
NEWLINE
IDENT "maxBound"
COLON
IDENT "a"
NEWLINE
DEDENT
NEWLINE
EXPORT
IMPL
UPPER "Bounded"
UPPER "Int"
WHERE
INDENT
IDENT "minBound"
EQUAL
IDENT "intMinBound"
NEWLINE
IDENT "maxBound"
EQUAL
IDENT "intMaxBound"
NEWLINE
DEDENT
NEWLINE
EXPORT
IMPL
UPPER "Bounded"
UPPER "Char"
WHERE
INDENT
IDENT "minBound"
EQUAL
IDENT "charMinBound"
NEWLINE
IDENT "maxBound"
EQUAL
IDENT "charMaxBound"
NEWLINE
DEDENT
NEWLINE
EXPORT
INTERFACE
UPPER "Mappable"
IDENT "f"
WHERE
INDENT
IDENT "map"
COLON
LPAREN
IDENT "a"
ARROW
LT
IDENT "e"
GT
IDENT "b"
RPAREN
ARROW
IDENT "f"
IDENT "a"
ARROW
LT
IDENT "e"
GT
IDENT "f"
IDENT "b"
NEWLINE
DEDENT
NEWLINE
EXPORT
IMPL
UPPER "Mappable"
UPPER "List"
WHERE
INDENT
IDENT "map"
UNDERSCORE
LBRACKET
RBRACKET
EQUAL
LBRACKET
RBRACKET
NEWLINE
IDENT "map"
IDENT "f"
LPAREN
IDENT "x"
CONS
IDENT "xs"
RPAREN
EQUAL
IDENT "f"
IDENT "x"
CONS
IDENT "map"
IDENT "f"
IDENT "xs"
NEWLINE
DEDENT
NEWLINE
EXPORT
IMPL
UPPER "Mappable"
UPPER "Option"
WHERE
INDENT
IDENT "map"
IDENT "f"
LPAREN
UPPER "Some"
IDENT "a"
RPAREN
EQUAL
UPPER "Some"
LPAREN
IDENT "f"
IDENT "a"
RPAREN
NEWLINE
IDENT "map"
UNDERSCORE
UPPER "None"
EQUAL
UPPER "None"
NEWLINE
DEDENT
NEWLINE
EXPORT
DEFAULT
IMPL
UPPER "Mappable"
LPAREN
UPPER "Result"
IDENT "e"
RPAREN
WHERE
INDENT
IDENT "map"
IDENT "f"
LPAREN
UPPER "Ok"
IDENT "a"
RPAREN
EQUAL
UPPER "Ok"
LPAREN
IDENT "f"
IDENT "a"
RPAREN
NEWLINE
IDENT "map"
UNDERSCORE
IDENT "e"
EQUAL
IDENT "e"
NEWLINE
DEDENT
NEWLINE
EXPORT
INTERFACE
UPPER "Applicative"
IDENT "f"
REQUIRES
UPPER "Mappable"
IDENT "f"
WHERE
INDENT
IDENT "pure"
COLON
IDENT "a"
ARROW
IDENT "f"
IDENT "a"
NEWLINE
IDENT "ap"
COLON
IDENT "f"
LPAREN
IDENT "a"
ARROW
IDENT "b"
RPAREN
ARROW
IDENT "f"
IDENT "a"
ARROW
IDENT "f"
IDENT "b"
NEWLINE
DEDENT
NEWLINE
EXPORT
IMPL
UPPER "Applicative"
UPPER "List"
WHERE
INDENT
IDENT "pure"
IDENT "a"
EQUAL
LBRACKET
IDENT "a"
RBRACKET
NEWLINE
IDENT "ap"
LBRACKET
RBRACKET
UNDERSCORE
EQUAL
LBRACKET
RBRACKET
NEWLINE
IDENT "ap"
LPAREN
IDENT "f"
CONS
IDENT "fs"
RPAREN
IDENT "xs"
EQUAL
IDENT "map"
IDENT "f"
IDENT "xs"
PLUSPLUS
IDENT "ap"
IDENT "fs"
IDENT "xs"
NEWLINE
DEDENT
NEWLINE
EXPORT
IMPL
UPPER "Applicative"
UPPER "Option"
WHERE
INDENT
IDENT "pure"
IDENT "a"
EQUAL
UPPER "Some"
IDENT "a"
NEWLINE
IDENT "ap"
UPPER "None"
UNDERSCORE
EQUAL
UPPER "None"
NEWLINE
IDENT "ap"
UNDERSCORE
UPPER "None"
EQUAL
UPPER "None"
NEWLINE
IDENT "ap"
LPAREN
UPPER "Some"
IDENT "f"
RPAREN
LPAREN
UPPER "Some"
IDENT "a"
RPAREN
EQUAL
UPPER "Some"
LPAREN
IDENT "f"
IDENT "a"
RPAREN
NEWLINE
DEDENT
NEWLINE
EXPORT
DEFAULT
IMPL
UPPER "Applicative"
LPAREN
UPPER "Result"
IDENT "e"
RPAREN
WHERE
INDENT
IDENT "pure"
IDENT "a"
EQUAL
UPPER "Ok"
IDENT "a"
NEWLINE
IDENT "ap"
LPAREN
UPPER "Ok"
IDENT "f"
RPAREN
LPAREN
UPPER "Ok"
IDENT "a"
RPAREN
EQUAL
UPPER "Ok"
LPAREN
IDENT "f"
IDENT "a"
RPAREN
NEWLINE
IDENT "ap"
LPAREN
UPPER "Err"
IDENT "e"
RPAREN
UNDERSCORE
EQUAL
UPPER "Err"
IDENT "e"
NEWLINE
IDENT "ap"
UNDERSCORE
LPAREN
UPPER "Err"
IDENT "e"
RPAREN
EQUAL
UPPER "Err"
IDENT "e"
NEWLINE
DEDENT
NEWLINE
EXPORT
INTERFACE
UPPER "Thenable"
IDENT "m"
REQUIRES
UPPER "Applicative"
IDENT "m"
WHERE
INDENT
IDENT "andThen"
COLON
IDENT "m"
IDENT "a"
ARROW
LPAREN
IDENT "a"
ARROW
LT
IDENT "e"
GT
IDENT "m"
IDENT "b"
RPAREN
ARROW
LT
IDENT "e"
GT
IDENT "m"
IDENT "b"
NEWLINE
DEDENT
NEWLINE
EXPORT
NEWLINE
IDENT "flatMap"
COLON
UPPER "Thenable"
IDENT "m"
FAT_ARROW
LPAREN
IDENT "a"
ARROW
LT
IDENT "e"
GT
IDENT "m"
IDENT "b"
RPAREN
ARROW
IDENT "m"
IDENT "a"
ARROW
LT
IDENT "e"
GT
IDENT "m"
IDENT "b"
NEWLINE
IDENT "flatMap"
IDENT "f"
IDENT "ma"
EQUAL
IDENT "andThen"
IDENT "ma"
IDENT "f"
NEWLINE
EXPORT
NEWLINE
IDENT "flat"
COLON
UPPER "Thenable"
IDENT "m"
FAT_ARROW
IDENT "m"
LPAREN
IDENT "m"
IDENT "a"
RPAREN
ARROW
IDENT "m"
IDENT "a"
NEWLINE
IDENT "flat"
IDENT "x"
EQUAL
IDENT "andThen"
IDENT "x"
IDENT "identity"
NEWLINE
EXPORT
NEWLINE
IDENT "when"
COLON
UPPER "Thenable"
IDENT "m"
FAT_ARROW
UPPER "Bool"
ARROW
IDENT "m"
UPPER "Unit"
ARROW
IDENT "m"
UPPER "Unit"
NEWLINE
IDENT "when"
IDENT "b"
IDENT "m"
EQUAL
IF
IDENT "b"
THEN
IDENT "m"
ELSE
IDENT "pure"
LPAREN
RPAREN
NEWLINE
EXPORT
NEWLINE
IDENT "unless"
COLON
UPPER "Thenable"
IDENT "m"
FAT_ARROW
UPPER "Bool"
ARROW
IDENT "m"
UPPER "Unit"
ARROW
IDENT "m"
UPPER "Unit"
NEWLINE
IDENT "unless"
IDENT "b"
IDENT "m"
EQUAL
IF
IDENT "b"
THEN
IDENT "pure"
LPAREN
RPAREN
ELSE
IDENT "m"
NEWLINE
EXPORT
IMPL
UPPER "Thenable"
UPPER "List"
WHERE
INDENT
IDENT "andThen"
LBRACKET
RBRACKET
UNDERSCORE
EQUAL
LBRACKET
RBRACKET
NEWLINE
IDENT "andThen"
IDENT "xs"
IDENT "f"
EQUAL
IDENT "concatRev"
LPAREN
IDENT "revAcc"
IDENT "xs"
LBRACKET
RBRACKET
RPAREN
LBRACKET
RBRACKET
INDENT
WHERE
INDENT
IDENT "revAcc"
LBRACKET
RBRACKET
IDENT "acc"
EQUAL
IDENT "acc"
NEWLINE
IDENT "revAcc"
LPAREN
IDENT "x"
CONS
IDENT "rest"
RPAREN
IDENT "acc"
EQUAL
IDENT "revAcc"
IDENT "rest"
LPAREN
IDENT "x"
CONS
IDENT "acc"
RPAREN
NEWLINE
IDENT "concatRev"
LBRACKET
RBRACKET
IDENT "acc"
EQUAL
IDENT "acc"
NEWLINE
IDENT "concatRev"
LPAREN
IDENT "x"
CONS
IDENT "rest"
RPAREN
IDENT "acc"
EQUAL
IDENT "concatRev"
IDENT "rest"
LPAREN
IDENT "f"
IDENT "x"
PLUSPLUS
IDENT "acc"
RPAREN
NEWLINE
DEDENT
NEWLINE
DEDENT
NEWLINE
DEDENT
NEWLINE
EXPORT
IMPL
UPPER "Thenable"
UPPER "Option"
WHERE
INDENT
IDENT "andThen"
UPPER "None"
UNDERSCORE
EQUAL
UPPER "None"
NEWLINE
IDENT "andThen"
LPAREN
UPPER "Some"
IDENT "a"
RPAREN
IDENT "f"
EQUAL
IDENT "f"
IDENT "a"
NEWLINE
DEDENT
NEWLINE
EXPORT
DEFAULT
IMPL
UPPER "Thenable"
LPAREN
UPPER "Result"
IDENT "e"
RPAREN
WHERE
INDENT
IDENT "andThen"
LPAREN
UPPER "Err"
IDENT "e"
RPAREN
UNDERSCORE
EQUAL
UPPER "Err"
IDENT "e"
NEWLINE
IDENT "andThen"
LPAREN
UPPER "Ok"
IDENT "a"
RPAREN
IDENT "f"
EQUAL
IDENT "f"
IDENT "a"
NEWLINE
DEDENT
NEWLINE
EXPORT
INTERFACE
UPPER "Alternative"
IDENT "f"
REQUIRES
UPPER "Applicative"
IDENT "f"
WHERE
INDENT
IDENT "noMatch"
COLON
IDENT "f"
IDENT "a"
NEWLINE
IDENT "orElse"
COLON
IDENT "f"
IDENT "a"
ARROW
IDENT "f"
IDENT "a"
ARROW
IDENT "f"
IDENT "a"
NEWLINE
DEDENT
NEWLINE
EXPORT
IMPL
UPPER "Alternative"
UPPER "List"
WHERE
INDENT
IDENT "noMatch"
EQUAL
LBRACKET
RBRACKET
NEWLINE
IDENT "orElse"
IDENT "xs"
IDENT "ys"
EQUAL
IDENT "xs"
PLUSPLUS
IDENT "ys"
NEWLINE
DEDENT
NEWLINE
EXPORT
IMPL
UPPER "Alternative"
UPPER "Option"
WHERE
INDENT
IDENT "noMatch"
EQUAL
UPPER "None"
NEWLINE
IDENT "orElse"
IDENT "a"
IDENT "b"
EQUAL
MATCH
IDENT "a"
INDENT
UPPER "Some"
UNDERSCORE
FAT_ARROW
IDENT "a"
NEWLINE
UPPER "None"
FAT_ARROW
IDENT "b"
NEWLINE
DEDENT
NEWLINE
DEDENT
NEWLINE
EXPORT
INTERFACE
UPPER "Foldable"
IDENT "t"
WHERE
INDENT
IDENT "fold"
COLON
LPAREN
IDENT "b"
ARROW
IDENT "a"
ARROW
LT
IDENT "e"
GT
IDENT "b"
RPAREN
ARROW
IDENT "b"
ARROW
IDENT "t"
IDENT "a"
ARROW
LT
IDENT "e"
GT
IDENT "b"
NEWLINE
IDENT "foldRight"
COLON
LPAREN
IDENT "a"
ARROW
IDENT "b"
ARROW
LT
IDENT "e"
GT
IDENT "b"
RPAREN
ARROW
IDENT "b"
ARROW
IDENT "t"
IDENT "a"
ARROW
LT
IDENT "e"
GT
IDENT "b"
NEWLINE
IDENT "foldMap"
COLON
UPPER "Monoid"
IDENT "m"
FAT_ARROW
LPAREN
IDENT "a"
ARROW
LT
IDENT "e"
GT
IDENT "m"
RPAREN
ARROW
IDENT "t"
IDENT "a"
ARROW
LT
IDENT "e"
GT
IDENT "m"
NEWLINE
IDENT "toList"
COLON
IDENT "t"
IDENT "a"
ARROW
UPPER "List"
IDENT "a"
NEWLINE
IDENT "isEmpty"
COLON
IDENT "t"
IDENT "a"
ARROW
UPPER "Bool"
NEWLINE
IDENT "length"
COLON
IDENT "t"
IDENT "a"
ARROW
UPPER "Int"
NEWLINE
IDENT "foldMap"
IDENT "f"
EQUAL
IDENT "fold"
LPAREN
IDENT "acc"
IDENT "x"
FAT_ARROW
IDENT "acc"
PLUSPLUS
IDENT "f"
IDENT "x"
RPAREN
IDENT "empty"
NEWLINE
IDENT "length"
IDENT "t"
EQUAL
IDENT "fold"
LPAREN
IDENT "acc"
UNDERSCORE
FAT_ARROW
IDENT "acc"
PLUS
INT 1
RPAREN
INT 0
IDENT "t"
NEWLINE
IDENT "isEmpty"
IDENT "t"
EQUAL
MATCH
IDENT "toList"
IDENT "t"
INDENT
LBRACKET
RBRACKET
FAT_ARROW
UPPER "True"
NEWLINE
UNDERSCORE
FAT_ARROW
UPPER "False"
NEWLINE
DEDENT
NEWLINE
DEDENT
NEWLINE
EXPORT
INTERFACE
UPPER "Filterable"
IDENT "f"
REQUIRES
UPPER "Mappable"
IDENT "f"
WHERE
INDENT
IDENT "filterMap"
COLON
LPAREN
IDENT "a"
ARROW
LT
IDENT "e"
GT
UPPER "Option"
IDENT "b"
RPAREN
ARROW
IDENT "f"
IDENT "a"
ARROW
LT
IDENT "e"
GT
IDENT "f"
IDENT "b"
NEWLINE
IDENT "filter"
COLON
LPAREN
IDENT "a"
ARROW
LT
IDENT "e"
GT
UPPER "Bool"
RPAREN
ARROW
IDENT "f"
IDENT "a"
ARROW
LT
IDENT "e"
GT
IDENT "f"
IDENT "a"
NEWLINE
IDENT "filter"
IDENT "p"
EQUAL
IDENT "filterMap"
LPAREN
IDENT "x"
FAT_ARROW
IF
IDENT "p"
IDENT "x"
THEN
UPPER "Some"
IDENT "x"
ELSE
UPPER "None"
RPAREN
NEWLINE
DEDENT
NEWLINE
EXPORT
INTERFACE
UPPER "FromEntries"
IDENT "c"
IDENT "e"
WHERE
INDENT
IDENT "fromEntries"
COLON
UPPER "List"
IDENT "e"
ARROW
IDENT "c"
NEWLINE
DEDENT
NEWLINE
EXPORT
IMPL
UPPER "Foldable"
UPPER "List"
WHERE
INDENT
IDENT "fold"
UNDERSCORE
IDENT "acc"
LBRACKET
RBRACKET
EQUAL
IDENT "acc"
NEWLINE
IDENT "fold"
IDENT "f"
IDENT "acc"
LPAREN
IDENT "x"
CONS
IDENT "xs"
RPAREN
EQUAL
IDENT "fold"
IDENT "f"
LPAREN
IDENT "f"
IDENT "acc"
IDENT "x"
RPAREN
IDENT "xs"
NEWLINE
IDENT "foldRight"
UNDERSCORE
IDENT "acc"
LBRACKET
RBRACKET
EQUAL
IDENT "acc"
NEWLINE
IDENT "foldRight"
IDENT "f"
IDENT "acc"
LPAREN
IDENT "x"
CONS
IDENT "xs"
RPAREN
EQUAL
IDENT "f"
IDENT "x"
LPAREN
IDENT "foldRight"
IDENT "f"
IDENT "acc"
IDENT "xs"
RPAREN
NEWLINE
IDENT "toList"
EQUAL
IDENT "identity"
NEWLINE
IDENT "isEmpty"
LBRACKET
RBRACKET
EQUAL
UPPER "True"
NEWLINE
IDENT "isEmpty"
UNDERSCORE
EQUAL
UPPER "False"
NEWLINE
IDENT "length"
EQUAL
IDENT "fold"
LPAREN
IDENT "acc"
UNDERSCORE
FAT_ARROW
IDENT "acc"
PLUS
INT 1
RPAREN
INT 0
NEWLINE
DEDENT
NEWLINE
EXPORT
IMPL
UPPER "Foldable"
UPPER "Option"
WHERE
INDENT
IDENT "fold"
UNDERSCORE
IDENT "acc"
UPPER "None"
EQUAL
IDENT "acc"
NEWLINE
IDENT "fold"
IDENT "f"
IDENT "acc"
LPAREN
UPPER "Some"
IDENT "x"
RPAREN
EQUAL
IDENT "f"
IDENT "acc"
IDENT "x"
NEWLINE
IDENT "foldRight"
UNDERSCORE
IDENT "acc"
UPPER "None"
EQUAL
IDENT "acc"
NEWLINE
IDENT "foldRight"
IDENT "f"
IDENT "acc"
LPAREN
UPPER "Some"
IDENT "x"
RPAREN
EQUAL
IDENT "f"
IDENT "x"
IDENT "acc"
NEWLINE
IDENT "toList"
UPPER "None"
EQUAL
LBRACKET
RBRACKET
NEWLINE
IDENT "toList"
LPAREN
UPPER "Some"
IDENT "x"
RPAREN
EQUAL
LBRACKET
IDENT "x"
RBRACKET
NEWLINE
DEDENT
NEWLINE
EXPORT
DEFAULT
IMPL
UPPER "Foldable"
LPAREN
UPPER "Result"
IDENT "e"
RPAREN
WHERE
INDENT
IDENT "fold"
UNDERSCORE
IDENT "acc"
LPAREN
UPPER "Err"
UNDERSCORE
RPAREN
EQUAL
IDENT "acc"
NEWLINE
IDENT "fold"
IDENT "f"
IDENT "acc"
LPAREN
UPPER "Ok"
IDENT "x"
RPAREN
EQUAL
IDENT "f"
IDENT "acc"
IDENT "x"
NEWLINE
IDENT "foldRight"
UNDERSCORE
IDENT "acc"
LPAREN
UPPER "Err"
UNDERSCORE
RPAREN
EQUAL
IDENT "acc"
NEWLINE
IDENT "foldRight"
IDENT "f"
IDENT "acc"
LPAREN
UPPER "Ok"
IDENT "x"
RPAREN
EQUAL
IDENT "f"
IDENT "x"
IDENT "acc"
NEWLINE
IDENT "toList"
LPAREN
UPPER "Err"
UNDERSCORE
RPAREN
EQUAL
LBRACKET
RBRACKET
NEWLINE
IDENT "toList"
LPAREN
UPPER "Ok"
IDENT "x"
RPAREN
EQUAL
LBRACKET
IDENT "x"
RBRACKET
NEWLINE
DEDENT
NEWLINE
EXPORT
NEWLINE
IDENT "any"
COLON
UPPER "Foldable"
IDENT "t"
FAT_ARROW
LPAREN
IDENT "a"
ARROW
LT
IDENT "e"
GT
UPPER "Bool"
RPAREN
ARROW
IDENT "t"
IDENT "a"
ARROW
LT
IDENT "e"
GT
UPPER "Bool"
NEWLINE
IDENT "any"
IDENT "f"
EQUAL
IDENT "fold"
LPAREN
IDENT "acc"
IDENT "x"
FAT_ARROW
IDENT "acc"
OR
IDENT "f"
IDENT "x"
RPAREN
UPPER "False"
NEWLINE
EXPORT
NEWLINE
IDENT "all"
COLON
UPPER "Foldable"
IDENT "t"
FAT_ARROW
LPAREN
IDENT "a"
ARROW
LT
IDENT "e"
GT
UPPER "Bool"
RPAREN
ARROW
IDENT "t"
IDENT "a"
ARROW
LT
IDENT "e"
GT
UPPER "Bool"
NEWLINE
IDENT "all"
IDENT "f"
EQUAL
IDENT "fold"
LPAREN
IDENT "acc"
IDENT "x"
FAT_ARROW
IDENT "acc"
AND
IDENT "f"
IDENT "x"
RPAREN
UPPER "True"
NEWLINE
EXPORT
NEWLINE
IDENT "find"
COLON
UPPER "Foldable"
IDENT "t"
FAT_ARROW
LPAREN
IDENT "a"
ARROW
LT
IDENT "e"
GT
UPPER "Bool"
RPAREN
ARROW
IDENT "t"
IDENT "a"
ARROW
LT
IDENT "e"
GT
UPPER "Option"
IDENT "a"
NEWLINE
IDENT "find"
IDENT "f"
EQUAL
IDENT "fold"
IDENT "g"
UPPER "None"
INDENT
WHERE
INDENT
IDENT "g"
LPAREN
IDENT "acc"
AS_AT
LPAREN
UPPER "Some"
UNDERSCORE
RPAREN
RPAREN
UNDERSCORE
EQUAL
IDENT "acc"
NEWLINE
IDENT "g"
UPPER "None"
IDENT "x"
INDENT
PIPE
IDENT "f"
IDENT "x"
EQUAL
UPPER "Some"
IDENT "x"
NEWLINE
PIPE
IDENT "otherwise"
EQUAL
UPPER "None"
NEWLINE
DEDENT
NEWLINE
DEDENT
NEWLINE
DEDENT
NEWLINE
EXPORT
NEWLINE
IDENT "count"
COLON
UPPER "Foldable"
IDENT "t"
FAT_ARROW
LPAREN
IDENT "a"
ARROW
LT
IDENT "e"
GT
UPPER "Bool"
RPAREN
ARROW
IDENT "t"
IDENT "a"
ARROW
LT
IDENT "e"
GT
UPPER "Int"
NEWLINE
IDENT "count"
IDENT "f"
EQUAL
IDENT "fold"
IDENT "g"
INT 0
INDENT
WHERE
INDENT
IDENT "g"
IDENT "acc"
IDENT "x"
INDENT
PIPE
IDENT "f"
IDENT "x"
EQUAL
IDENT "acc"
PLUS
INT 1
NEWLINE
PIPE
IDENT "otherwise"
EQUAL
IDENT "acc"
NEWLINE
DEDENT
NEWLINE
DEDENT
NEWLINE
DEDENT
NEWLINE
EXPORT
NEWLINE
IDENT "sum"
COLON
LPAREN
UPPER "Foldable"
IDENT "t"
COMMA
UPPER "Num"
IDENT "a"
RPAREN
FAT_ARROW
IDENT "t"
IDENT "a"
ARROW
IDENT "a"
NEWLINE
IDENT "sum"
IDENT "xs"
EQUAL
IDENT "fold"
LPAREN
PLUS
RPAREN
LPAREN
IDENT "fromInt"
INT 0
RPAREN
IDENT "xs"
NEWLINE
EXPORT
NEWLINE
IDENT "product"
COLON
LPAREN
UPPER "Foldable"
IDENT "t"
COMMA
UPPER "Num"
IDENT "a"
RPAREN
FAT_ARROW
IDENT "t"
IDENT "a"
ARROW
IDENT "a"
NEWLINE
IDENT "product"
IDENT "xs"
EQUAL
IDENT "fold"
LPAREN
STAR
RPAREN
LPAREN
IDENT "fromInt"
INT 1
RPAREN
IDENT "xs"
NEWLINE
EXPORT
NEWLINE
IDENT "elem"
COLON
LPAREN
UPPER "Foldable"
IDENT "t"
COMMA
UPPER "Eq"
IDENT "a"
RPAREN
FAT_ARROW
IDENT "a"
ARROW
IDENT "t"
IDENT "a"
ARROW
UPPER "Bool"
NEWLINE
IDENT "elem"
IDENT "a"
EQUAL
IDENT "fold"
LPAREN
IDENT "acc"
IDENT "x"
FAT_ARROW
IDENT "acc"
OR
IDENT "x"
EQ_EQ
IDENT "a"
RPAREN
UPPER "False"
NEWLINE
EXPORT
NEWLINE
IDENT "notElem"
COLON
LPAREN
UPPER "Foldable"
IDENT "t"
COMMA
UPPER "Eq"
IDENT "a"
RPAREN
FAT_ARROW
IDENT "a"
ARROW
IDENT "t"
IDENT "a"
ARROW
UPPER "Bool"
NEWLINE
IDENT "notElem"
IDENT "a"
IDENT "xs"
EQUAL
IDENT "not"
LPAREN
IDENT "elem"
IDENT "a"
IDENT "xs"
RPAREN
NEWLINE
EXPORT
NEWLINE
IDENT "maximum"
COLON
LPAREN
UPPER "Foldable"
IDENT "t"
COMMA
UPPER "Ord"
IDENT "a"
RPAREN
FAT_ARROW
IDENT "t"
IDENT "a"
ARROW
UPPER "Option"
IDENT "a"
NEWLINE
IDENT "maximum"
EQUAL
IDENT "fold"
IDENT "step"
UPPER "None"
INDENT
WHERE
INDENT
IDENT "step"
UPPER "None"
IDENT "x"
EQUAL
UPPER "Some"
IDENT "x"
NEWLINE
IDENT "step"
LPAREN
UPPER "Some"
IDENT "m"
RPAREN
IDENT "x"
EQUAL
UPPER "Some"
LPAREN
IDENT "max"
IDENT "m"
IDENT "x"
RPAREN
NEWLINE
DEDENT
NEWLINE
DEDENT
NEWLINE
EXPORT
NEWLINE
IDENT "minimum"
COLON
LPAREN
UPPER "Foldable"
IDENT "t"
COMMA
UPPER "Ord"
IDENT "a"
RPAREN
FAT_ARROW
IDENT "t"
IDENT "a"
ARROW
UPPER "Option"
IDENT "a"
NEWLINE
IDENT "minimum"
EQUAL
IDENT "fold"
IDENT "step"
UPPER "None"
INDENT
WHERE
INDENT
IDENT "step"
UPPER "None"
IDENT "x"
EQUAL
UPPER "Some"
IDENT "x"
NEWLINE
IDENT "step"
LPAREN
UPPER "Some"
IDENT "m"
RPAREN
IDENT "x"
EQUAL
UPPER "Some"
LPAREN
IDENT "min"
IDENT "m"
IDENT "x"
RPAREN
NEWLINE
DEDENT
NEWLINE
DEDENT
NEWLINE
EXPORT
IMPL
UPPER "Filterable"
UPPER "List"
WHERE
INDENT
IDENT "filterMap"
UNDERSCORE
LBRACKET
RBRACKET
EQUAL
LBRACKET
RBRACKET
NEWLINE
IDENT "filterMap"
IDENT "f"
LPAREN
IDENT "x"
CONS
IDENT "xs"
RPAREN
EQUAL
MATCH
IDENT "f"
IDENT "x"
INDENT
UPPER "Some"
IDENT "y"
FAT_ARROW
IDENT "y"
CONS
IDENT "filterMap"
IDENT "f"
IDENT "xs"
NEWLINE
UPPER "None"
FAT_ARROW
IDENT "filterMap"
IDENT "f"
IDENT "xs"
NEWLINE
DEDENT
NEWLINE
DEDENT
NEWLINE
EXPORT
NEWLINE
IDENT "otherwise"
COLON
UPPER "Bool"
NEWLINE
IDENT "otherwise"
EQUAL
UPPER "True"
NEWLINE
EXPORT
NEWLINE
IDENT "not"
COLON
UPPER "Bool"
ARROW
UPPER "Bool"
NEWLINE
IDENT "not"
UPPER "True"
EQUAL
UPPER "False"
NEWLINE
IDENT "not"
UPPER "False"
EQUAL
UPPER "True"
NEWLINE
EXPORT
NEWLINE
IDENT "and"
COLON
UPPER "Bool"
ARROW
UPPER "Bool"
ARROW
UPPER "Bool"
NEWLINE
IDENT "and"
UPPER "True"
UPPER "True"
EQUAL
UPPER "True"
NEWLINE
IDENT "and"
UNDERSCORE
UNDERSCORE
EQUAL
UPPER "False"
NEWLINE
EXPORT
NEWLINE
IDENT "or"
COLON
UPPER "Bool"
ARROW
UPPER "Bool"
ARROW
UPPER "Bool"
NEWLINE
IDENT "or"
UPPER "False"
UPPER "False"
EQUAL
UPPER "False"
NEWLINE
IDENT "or"
UNDERSCORE
UNDERSCORE
EQUAL
UPPER "True"
NEWLINE
EXPORT
NEWLINE
IDENT "xor"
COLON
UPPER "Bool"
ARROW
UPPER "Bool"
ARROW
UPPER "Bool"
NEWLINE
IDENT "xor"
IDENT "a"
IDENT "b"
EQUAL
IDENT "a"
NEQ
IDENT "b"
NEWLINE
EXPORT
NEWLINE
IDENT "isSome"
COLON
UPPER "Option"
IDENT "a"
ARROW
UPPER "Bool"
NEWLINE
IDENT "isSome"
LPAREN
UPPER "Some"
UNDERSCORE
RPAREN
EQUAL
UPPER "True"
NEWLINE
IDENT "isSome"
UPPER "None"
EQUAL
UPPER "False"
NEWLINE
EXPORT
NEWLINE
IDENT "isNone"
COLON
UPPER "Option"
IDENT "a"
ARROW
UPPER "Bool"
NEWLINE
IDENT "isNone"
UPPER "None"
EQUAL
UPPER "True"
NEWLINE
IDENT "isNone"
LPAREN
UPPER "Some"
UNDERSCORE
RPAREN
EQUAL
UPPER "False"
NEWLINE
EXPORT
NEWLINE
IDENT "fromOption"
COLON
IDENT "a"
ARROW
UPPER "Option"
IDENT "a"
ARROW
IDENT "a"
NEWLINE
IDENT "fromOption"
UNDERSCORE
LPAREN
UPPER "Some"
IDENT "a"
RPAREN
EQUAL
IDENT "a"
NEWLINE
IDENT "fromOption"
IDENT "d"
UPPER "None"
EQUAL
IDENT "d"
NEWLINE
EXPORT
NEWLINE
IDENT "toResult"
COLON
IDENT "e"
ARROW
UPPER "Option"
IDENT "a"
ARROW
UPPER "Result"
IDENT "e"
IDENT "a"
NEWLINE
IDENT "toResult"
UNDERSCORE
LPAREN
UPPER "Some"
IDENT "a"
RPAREN
EQUAL
UPPER "Ok"
IDENT "a"
NEWLINE
IDENT "toResult"
IDENT "e"
UPPER "None"
EQUAL
UPPER "Err"
IDENT "e"
NEWLINE
EXPORT
NEWLINE
IDENT "fromResult"
COLON
UPPER "Result"
IDENT "e"
IDENT "a"
ARROW
UPPER "Option"
IDENT "a"
NEWLINE
IDENT "fromResult"
LPAREN
UPPER "Ok"
IDENT "a"
RPAREN
EQUAL
UPPER "Some"
IDENT "a"
NEWLINE
IDENT "fromResult"
LPAREN
UPPER "Err"
UNDERSCORE
RPAREN
EQUAL
UPPER "None"
NEWLINE
EXPORT
NEWLINE
IDENT "isOk"
COLON
UPPER "Result"
IDENT "e"
IDENT "a"
ARROW
UPPER "Bool"
NEWLINE
IDENT "isOk"
LPAREN
UPPER "Ok"
UNDERSCORE
RPAREN
EQUAL
UPPER "True"
NEWLINE
IDENT "isOk"
LPAREN
UPPER "Err"
UNDERSCORE
RPAREN
EQUAL
UPPER "False"
NEWLINE
EXPORT
NEWLINE
IDENT "isErr"
COLON
UPPER "Result"
IDENT "e"
IDENT "a"
ARROW
UPPER "Bool"
NEWLINE
IDENT "isErr"
LPAREN
UPPER "Err"
UNDERSCORE
RPAREN
EQUAL
UPPER "True"
NEWLINE
IDENT "isErr"
LPAREN
UPPER "Ok"
UNDERSCORE
RPAREN
EQUAL
UPPER "False"
NEWLINE
EXPORT
NEWLINE
IDENT "fromResultOr"
COLON
IDENT "a"
ARROW
UPPER "Result"
IDENT "e"
IDENT "a"
ARROW
IDENT "a"
NEWLINE
IDENT "fromResultOr"
UNDERSCORE
LPAREN
UPPER "Ok"
IDENT "a"
RPAREN
EQUAL
IDENT "a"
NEWLINE
IDENT "fromResultOr"
IDENT "d"
LPAREN
UPPER "Err"
UNDERSCORE
RPAREN
EQUAL
IDENT "d"
NEWLINE
EXPORT
NEWLINE
IDENT "mapErr"
COLON
LPAREN
IDENT "e"
ARROW
IDENT "f"
RPAREN
ARROW
UPPER "Result"
IDENT "e"
IDENT "a"
ARROW
UPPER "Result"
IDENT "f"
IDENT "a"
NEWLINE
IDENT "mapErr"
IDENT "f"
LPAREN
UPPER "Err"
IDENT "e"
RPAREN
EQUAL
UPPER "Err"
LPAREN
IDENT "f"
IDENT "e"
RPAREN
NEWLINE
IDENT "mapErr"
UNDERSCORE
LPAREN
UPPER "Ok"
IDENT "a"
RPAREN
EQUAL
UPPER "Ok"
IDENT "a"
NEWLINE
EXPORT
NEWLINE
IDENT "identity"
COLON
IDENT "a"
ARROW
IDENT "a"
NEWLINE
IDENT "identity"
IDENT "x"
EQUAL
IDENT "x"
NEWLINE
EXPORT
NEWLINE
IDENT "fst"
COLON
LPAREN
IDENT "a"
COMMA
IDENT "b"
RPAREN
ARROW
IDENT "a"
NEWLINE
IDENT "fst"
LPAREN
IDENT "a"
COMMA
UNDERSCORE
RPAREN
EQUAL
IDENT "a"
NEWLINE
EXPORT
NEWLINE
IDENT "snd"
COLON
LPAREN
IDENT "a"
COMMA
IDENT "b"
RPAREN
ARROW
IDENT "b"
NEWLINE
IDENT "snd"
LPAREN
UNDERSCORE
COMMA
IDENT "b"
RPAREN
EQUAL
IDENT "b"
NEWLINE
EXPORT
NEWLINE
IDENT "const"
COLON
IDENT "a"
ARROW
IDENT "b"
ARROW
IDENT "a"
NEWLINE
IDENT "const"
IDENT "x"
UNDERSCORE
EQUAL
IDENT "x"
NEWLINE
EXPORT
NEWLINE
IDENT "flip"
COLON
LPAREN
IDENT "a"
ARROW
IDENT "b"
ARROW
LT
IDENT "e"
GT
IDENT "c"
RPAREN
ARROW
IDENT "b"
ARROW
IDENT "a"
ARROW
LT
IDENT "e"
GT
IDENT "c"
NEWLINE
IDENT "flip"
IDENT "f"
IDENT "b"
IDENT "a"
EQUAL
IDENT "f"
IDENT "a"
IDENT "b"
NEWLINE
EXPORT
NEWLINE
IDENT "compose"
COLON
LPAREN
IDENT "b"
ARROW
LT
IDENT "e"
GT
IDENT "c"
RPAREN
ARROW
LPAREN
IDENT "a"
ARROW
LT
IDENT "e"
GT
IDENT "b"
RPAREN
ARROW
IDENT "a"
ARROW
LT
IDENT "e"
GT
IDENT "c"
NEWLINE
IDENT "compose"
IDENT "g"
IDENT "f"
IDENT "a"
EQUAL
IDENT "g"
LPAREN
IDENT "f"
IDENT "a"
RPAREN
NEWLINE
EXPORT
NEWLINE
IDENT "pipe"
COLON
LPAREN
IDENT "a"
ARROW
LT
IDENT "e"
GT
IDENT "b"
RPAREN
ARROW
LPAREN
IDENT "b"
ARROW
LT
IDENT "e"
GT
IDENT "c"
RPAREN
ARROW
IDENT "a"
ARROW
LT
IDENT "e"
GT
IDENT "c"
NEWLINE
IDENT "pipe"
IDENT "f"
IDENT "g"
IDENT "a"
EQUAL
IDENT "g"
LPAREN
IDENT "f"
IDENT "a"
RPAREN
NEWLINE
EXPORT
NEWLINE
IDENT "apply"
COLON
LPAREN
IDENT "a"
ARROW
LT
IDENT "e"
GT
IDENT "b"
RPAREN
ARROW
IDENT "a"
ARROW
LT
IDENT "e"
GT
IDENT "b"
NEWLINE
IDENT "apply"
IDENT "f"
IDENT "a"
EQUAL
IDENT "f"
IDENT "a"
NEWLINE
EXPORT
INTERFACE
UPPER "Arbitrary"
IDENT "a"
WHERE
INDENT
IDENT "arbitrary"
COLON
UPPER "Unit"
ARROW
LT
UPPER "Rand"
GT
IDENT "a"
NEWLINE
IDENT "shrink"
COLON
IDENT "a"
ARROW
UPPER "List"
IDENT "a"
NEWLINE
IDENT "shrink"
UNDERSCORE
EQUAL
LBRACKET
RBRACKET
NEWLINE
DEDENT
NEWLINE
EXPORT
IMPL
UPPER "Arbitrary"
UPPER "Int"
WHERE
INDENT
IDENT "arbitrary"
LPAREN
RPAREN
EQUAL
IDENT "randomInt"
LPAREN
MINUS
INT 1000
RPAREN
INT 1000
NEWLINE
IDENT "shrink"
INT 0
EQUAL
LBRACKET
RBRACKET
NEWLINE
IDENT "shrink"
IDENT "n"
EQUAL
LBRACKET
INT 0
COMMA
IDENT "n"
SLASH
INT 2
RBRACKET
NEWLINE
DEDENT
NEWLINE
EXPORT
IMPL
UPPER "Arbitrary"
UPPER "Bool"
WHERE
INDENT
IDENT "arbitrary"
LPAREN
RPAREN
EQUAL
IDENT "randomBool"
LPAREN
RPAREN
NEWLINE
DEDENT
NEWLINE
EXPORT
IMPL
UPPER "Arbitrary"
UPPER "Float"
WHERE
INDENT
IDENT "arbitrary"
LPAREN
RPAREN
EQUAL
IDENT "randomFloat"
LPAREN
RPAREN
NEWLINE
DEDENT
NEWLINE
EXPORT
IMPL
UPPER "Arbitrary"
UPPER "Char"
WHERE
INDENT
IDENT "arbitrary"
LPAREN
RPAREN
EQUAL
IDENT "randomChar"
LPAREN
RPAREN
NEWLINE
DEDENT
NEWLINE
EXPORT
NEWLINE
IDENT "arbitraryString"
COLON
UPPER "Unit"
ARROW
LT
UPPER "Rand"
GT
UPPER "String"
NEWLINE
IDENT "arbitraryString"
LPAREN
RPAREN
EQUAL
IDENT "go"
LPAREN
IDENT "randomInt"
INT 0
INT 10
RPAREN
STRING ""
INDENT
WHERE
INDENT
IDENT "go"
INT 0
IDENT "acc"
EQUAL
IDENT "acc"
NEWLINE
IDENT "go"
IDENT "n"
IDENT "acc"
EQUAL
IDENT "go"
LPAREN
IDENT "n"
MINUS
INT 1
RPAREN
LPAREN
IDENT "acc"
PLUSPLUS
IDENT "charToStr"
LPAREN
IDENT "randomChar"
LPAREN
RPAREN
RPAREN
RPAREN
NEWLINE
DEDENT
NEWLINE
DEDENT
NEWLINE
EXPORT
IMPL
UPPER "Arbitrary"
UPPER "String"
WHERE
INDENT
IDENT "arbitrary"
LPAREN
RPAREN
EQUAL
IDENT "arbitraryString"
LPAREN
RPAREN
NEWLINE
DEDENT
NEWLINE
EXPORT
NEWLINE
IDENT "arbitraryList"
COLON
LPAREN
UPPER "Unit"
ARROW
LT
UPPER "Rand"
GT
IDENT "a"
RPAREN
ARROW
UPPER "Int"
ARROW
LT
UPPER "Rand"
GT
UPPER "List"
IDENT "a"
NEWLINE
IDENT "arbitraryList"
IDENT "gen"
IDENT "maxLen"
EQUAL
IDENT "go"
LPAREN
IDENT "randomInt"
INT 0
IDENT "maxLen"
RPAREN
LBRACKET
RBRACKET
INDENT
WHERE
INDENT
IDENT "go"
INT 0
IDENT "acc"
EQUAL
IDENT "acc"
NEWLINE
IDENT "go"
IDENT "n"
IDENT "acc"
EQUAL
IDENT "go"
LPAREN
IDENT "n"
MINUS
INT 1
RPAREN
LPAREN
IDENT "gen"
LPAREN
RPAREN
CONS
IDENT "acc"
RPAREN
NEWLINE
DEDENT
NEWLINE
DEDENT
NEWLINE
PUBLIC
EXPORT
DATA
UPPER "Rep"
INDENT
EQUAL
UPPER "RCon"
UPPER "String"
LPAREN
UPPER "List"
UPPER "Rep"
RPAREN
NEWLINE
PIPE
UPPER "RRecord"
UPPER "String"
LPAREN
UPPER "List"
UPPER "RField"
RPAREN
NEWLINE
PIPE
UPPER "RInt"
UPPER "Int"
NEWLINE
PIPE
UPPER "RFloat"
UPPER "Float"
NEWLINE
PIPE
UPPER "RString"
UPPER "String"
NEWLINE
PIPE
UPPER "RBool"
UPPER "Bool"
NEWLINE
PIPE
UPPER "RChar"
UPPER "Char"
NEWLINE
PIPE
UPPER "RUnit"
NEWLINE
DEDENT
NEWLINE
PUBLIC
EXPORT
RECORD
UPPER "RField"
INDENT
IDENT "fld_name"
COLON
UPPER "String"
NEWLINE
IDENT "fld_rep"
COLON
UPPER "Rep"
NEWLINE
DEDENT
NEWLINE
EXPORT
INTERFACE
UPPER "Generic"
IDENT "a"
WHERE
INDENT
IDENT "to_rep"
COLON
IDENT "a"
ARROW
UPPER "Rep"
NEWLINE
IDENT "from_rep"
COLON
UPPER "Rep"
ARROW
IDENT "a"
NEWLINE
IDENT "from_rep"
UNDERSCORE
EQUAL
IDENT "panic"
STRING "from_rep: not implemented (Phase 1 is to_rep only)"
NEWLINE
DEDENT
NEWLINE
EXPORT
IMPL
UPPER "Generic"
UPPER "Int"
WHERE
INDENT
IDENT "to_rep"
IDENT "n"
EQUAL
UPPER "RInt"
IDENT "n"
NEWLINE
DEDENT
NEWLINE
EXPORT
IMPL
UPPER "Generic"
UPPER "Float"
WHERE
INDENT
IDENT "to_rep"
IDENT "x"
EQUAL
UPPER "RFloat"
IDENT "x"
NEWLINE
DEDENT
NEWLINE
EXPORT
IMPL
UPPER "Generic"
UPPER "String"
WHERE
INDENT
IDENT "to_rep"
IDENT "s"
EQUAL
UPPER "RString"
IDENT "s"
NEWLINE
DEDENT
NEWLINE
EXPORT
IMPL
UPPER "Generic"
UPPER "Bool"
WHERE
INDENT
IDENT "to_rep"
IDENT "b"
EQUAL
UPPER "RBool"
IDENT "b"
NEWLINE
DEDENT
NEWLINE
EXPORT
IMPL
UPPER "Generic"
UPPER "Char"
WHERE
INDENT
IDENT "to_rep"
IDENT "c"
EQUAL
UPPER "RChar"
IDENT "c"
NEWLINE
DEDENT
NEWLINE
EXPORT
IMPL
UPPER "Generic"
UPPER "Unit"
WHERE
INDENT
IDENT "to_rep"
UNDERSCORE
EQUAL
UPPER "RUnit"
NEWLINE
DEDENT
NEWLINE
PROP
STRING "neq is the negation of eq"
LPAREN
IDENT "x"
COLON
UPPER "Int"
RPAREN
LPAREN
IDENT "y"
COLON
UPPER "Int"
RPAREN
EQUAL
IDENT "neq"
IDENT "x"
IDENT "y"
EQ_EQ
IDENT "not"
LPAREN
IDENT "eq"
IDENT "x"
IDENT "y"
RPAREN
NEWLINE
PROP
STRING "compare agrees with lt/gt/eq"
LPAREN
IDENT "x"
COLON
UPPER "Int"
RPAREN
LPAREN
IDENT "y"
COLON
UPPER "Int"
RPAREN
EQUAL
MATCH
IDENT "compare"
IDENT "x"
IDENT "y"
INDENT
UPPER "Lt"
FAT_ARROW
IDENT "lt"
IDENT "x"
IDENT "y"
AND
IDENT "not"
LPAREN
IDENT "gt"
IDENT "x"
IDENT "y"
RPAREN
AND
IDENT "neq"
IDENT "x"
IDENT "y"
NEWLINE
UPPER "Gt"
FAT_ARROW
IDENT "gt"
IDENT "x"
IDENT "y"
AND
IDENT "not"
LPAREN
IDENT "lt"
IDENT "x"
IDENT "y"
RPAREN
AND
IDENT "neq"
IDENT "x"
IDENT "y"
NEWLINE
UPPER "Eq"
FAT_ARROW
IDENT "eq"
IDENT "x"
IDENT "y"
AND
IDENT "not"
LPAREN
IDENT "lt"
IDENT "x"
IDENT "y"
RPAREN
AND
IDENT "not"
LPAREN
IDENT "gt"
IDENT "x"
IDENT "y"
RPAREN
NEWLINE
DEDENT
NEWLINE
PROP
STRING "clamp keeps values inside the interval"
LPAREN
IDENT "x"
COLON
UPPER "Int"
RPAREN
EQUAL
INDENT
LET
IDENT "c"
EQUAL
IDENT "clamp"
INT 0
INT 100
IDENT "x"
NEWLINE
IDENT "c"
GEQ
INT 0
AND
IDENT "c"
LEQ
INT 100
NEWLINE
DEDENT
NEWLINE
PROP
STRING "filter . filter p == filter p"
LPAREN
IDENT "xs"
COLON
UPPER "List"
UPPER "Int"
RPAREN
EQUAL
INDENT
IDENT "eq"
LPAREN
IDENT "filter"
LPAREN
IDENT "x"
FAT_ARROW
IDENT "x"
GT
INT 0
RPAREN
LPAREN
IDENT "filter"
LPAREN
IDENT "x"
FAT_ARROW
IDENT "x"
GT
INT 0
RPAREN
IDENT "xs"
RPAREN
RPAREN
LPAREN
IDENT "filter"
LPAREN
IDENT "x"
FAT_ARROW
IDENT "x"
GT
INT 0
RPAREN
IDENT "xs"
RPAREN
NEWLINE
DEDENT
NEWLINE
PROP
STRING "length matches a counting fold"
LPAREN
IDENT "xs"
COLON
UPPER "List"
UPPER "Int"
RPAREN
EQUAL
IDENT "length"
IDENT "xs"
EQ_EQ
IDENT "fold"
LPAREN
IDENT "acc"
UNDERSCORE
FAT_ARROW
IDENT "acc"
PLUS
INT 1
RPAREN
INT 0
IDENT "xs"
NEWLINE
PROP
STRING "any/all duality"
LPAREN
IDENT "xs"
COLON
UPPER "List"
UPPER "Int"
RPAREN
EQUAL
IDENT "any"
LPAREN
IDENT "x"
FAT_ARROW
IDENT "x"
GT
INT 0
RPAREN
IDENT "xs"
EQ_EQ
IDENT "not"
LPAREN
IDENT "all"
LPAREN
IDENT "x"
FAT_ARROW
IDENT "x"
LEQ
INT 0
RPAREN
IDENT "xs"
RPAREN
NEWLINE
PROP
STRING "fromOption d (Some x) == x"
LPAREN
IDENT "x"
COLON
UPPER "Int"
RPAREN
LPAREN
IDENT "d"
COLON
UPPER "Int"
RPAREN
EQUAL
IDENT "fromOption"
IDENT "d"
LPAREN
UPPER "Some"
IDENT "x"
RPAREN
EQ_EQ
IDENT "x"
NEWLINE
PROP
STRING "toResult/fromResult round-trip on Some"
LPAREN
IDENT "x"
COLON
UPPER "Int"
RPAREN
EQUAL
INDENT
IDENT "eq"
LPAREN
IDENT "fromResult"
LPAREN
IDENT "toResult"
STRING "missing"
LPAREN
UPPER "Some"
IDENT "x"
RPAREN
RPAREN
RPAREN
LPAREN
UPPER "Some"
IDENT "x"
RPAREN
NEWLINE
DEDENT
NEWLINE
PROP
STRING "Ord (List a) is reflexive"
LPAREN
IDENT "xs"
COLON
UPPER "List"
UPPER "Int"
RPAREN
EQUAL
MATCH
IDENT "compare"
IDENT "xs"
IDENT "xs"
INDENT
UPPER "Eq"
FAT_ARROW
UPPER "True"
NEWLINE
UNDERSCORE
FAT_ARROW
UPPER "False"
NEWLINE
DEDENT
NEWLINE
NEWLINE
EOF