running doctests in stdlib/core.mdk
  ok   stdlib/core.mdk:30: isSome (Some 1)
  ok   stdlib/core.mdk:32: isSome None
  ok   stdlib/core.mdk:39: isOk (Ok 1)
  ok   stdlib/core.mdk:41: isOk (Err "boom")
  ok   stdlib/core.mdk:168: clamp 0 10 5
  ok   stdlib/core.mdk:170: clamp 0 10 (-3)
  ok   stdlib/core.mdk:172: clamp 0 10 99
  ok   stdlib/core.mdk:506: (minBound : Int) < (maxBound : Int)
  ok   stdlib/core.mdk:513: charCode (minBound : Char)
  ok   stdlib/core.mdk:515: charCode (maxBound : Char)
  ok   stdlib/core.mdk:629: length (orElse [1, 2] [3])
  ok   stdlib/core.mdk:631: isEmpty (orElse ([] : List Int) [1])
  ok   stdlib/core.mdk:633: isSome (orElse (Some 1) (Some 2))
  ok   stdlib/core.mdk:635: isSome (orElse None (Some 2))
  ok   stdlib/core.mdk:637: isSome (orElse None (None : Option Int))
  ok   stdlib/core.mdk:664: isEmpty (None : Option Int)
  ok   stdlib/core.mdk:666: length (Some 5)
  ok   stdlib/core.mdk:742: traverse (x => if x > 0 then Some x else None) [1, 2, 3]
  ok   stdlib/core.mdk:744: traverse (x => if x > 0 then Some x else None) [1, -2, 3]
  ok   stdlib/core.mdk:746: traverse (x => if x > 0 then Some (x + 1) else None) (Some 5)
  ok   stdlib/core.mdk:748: traverse (x => if x > 0 then Ok x else Err x) [1, 2, 3]
  ok   stdlib/core.mdk:750: traverse (x => if x > 0 then Ok x else Err x) [1, -2, 3]
  ok   stdlib/core.mdk:752: sequence [Some 1, Some 2, Some 3]
  ok   stdlib/core.mdk:754: sequence [Some 1, None, Some 3]
  ok   stdlib/core.mdk:756: sequence [Ok 1, Ok 2, Ok 3]
  ok   stdlib/core.mdk:758: sequence [Ok 1, Err 99, Ok 3]
  ok   stdlib/core.mdk:802: any (x => x > 2) [1, 2, 3]
  ok   stdlib/core.mdk:804: any (x => x > 10) [1, 2, 3]
  ok   stdlib/core.mdk:813: all (x => x > 0) [1, 2, 3]
  ok   stdlib/core.mdk:815: all (x => x > 0) []
  ok   stdlib/core.mdk:867: maximum [3, 1, 2]
  ok   stdlib/core.mdk:869: maximum ([] : List Int)
  ok   stdlib/core.mdk:880: minimum [3, 1, 2]
  ok   stdlib/core.mdk:893: filter (x => x > 2) [1, 2, 3, 4]
  ok   stdlib/core.mdk:948: fromOption 0 (Some 42)
  ok   stdlib/core.mdk:950: fromOption 0 None
  ok   stdlib/core.mdk:1007: fst (1, 2)
  ok   stdlib/core.mdk:1014: snd ("a", True)

stdlib/core.mdk: 38/38 passed
Testing "neq is the negation of eq" ... OK (100 tests)
Testing "compare agrees with lt/gt/eq" ... OK (100 tests)
Testing "clamp keeps values inside the interval" ... OK (100 tests)
Testing "filter . filter p == filter p" ... OK (100 tests)
Testing "length matches a counting fold" ... OK (100 tests)
Testing "any/all duality" ... OK (100 tests)
Testing "fromOption d (Some x) == x" ... OK (100 tests)
Testing "toResult/fromResult round-trip on Some" ... OK (100 tests)
Testing "Ord (List a) is reflexive" ... OK (100 tests)

9 passed, 0 failed
