NEWLINE
NEWLINE
IMPORT
IDENT "core"
DOT_LBRACE
UPPER "Eq"
COMMA
UPPER "Ord"
COMMA
UPPER "Debug"
COMMA
UPPER "Foldable"
COMMA
UPPER "Mappable"
COMMA
UPPER "Ordering"
COMMA
UPPER "Option"
RBRACE
NEWLINE
NEWLINE
NEWLINE
EXPORT
IMPORT
IDENT "core"
DOT_LBRACE
UPPER "Filterable"
COMMA
IDENT "filter"
COMMA
IDENT "filterMap"
RBRACE
NEWLINE
NEWLINE
NEWLINE
NEWLINE
NEWLINE
NEWLINE
NEWLINE
EXPORT
NEWLINE
IDENT "singleton"
COLON
IDENT "a"
ARROW
UPPER "List"
IDENT "a"
NEWLINE
IDENT "singleton"
IDENT "a"
EQUAL
LBRACKET
IDENT "a"
RBRACKET
NEWLINE
NEWLINE
EXPORT
NEWLINE
IDENT "range"
COLON
UPPER "Int"
ARROW
UPPER "Int"
ARROW
UPPER "List"
UPPER "Int"
NEWLINE
IDENT "range"
IDENT "lo"
IDENT "hi"
EQUAL
LBRACKET
IDENT "lo"
DOTDOT
IDENT "hi"
RBRACKET
NEWLINE
NEWLINE
EXPORT
NEWLINE
IDENT "rangeStep"
COLON
UPPER "Int"
ARROW
UPPER "Int"
ARROW
UPPER "Int"
ARROW
UPPER "List"
UPPER "Int"
NEWLINE
IDENT "rangeStep"
IDENT "lo"
IDENT "hi"
IDENT "step"
INDENT
PIPE
IDENT "step"
GT
INT 0
AND
IDENT "lo"
LT
IDENT "hi"
EQUAL
IDENT "lo"
CONS
IDENT "rangeStep"
LPAREN
IDENT "lo"
PLUS
IDENT "step"
RPAREN
IDENT "hi"
IDENT "step"
NEWLINE
PIPE
IDENT "step"
LT
INT 0
AND
IDENT "lo"
GT
IDENT "hi"
EQUAL
IDENT "lo"
CONS
IDENT "rangeStep"
LPAREN
IDENT "lo"
PLUS
IDENT "step"
RPAREN
IDENT "hi"
IDENT "step"
NEWLINE
PIPE
IDENT "otherwise"
EQUAL
LBRACKET
RBRACKET
NEWLINE
DEDENT
NEWLINE
NEWLINE
EXPORT
NEWLINE
IDENT "replicate"
COLON
UPPER "Int"
ARROW
IDENT "a"
ARROW
UPPER "List"
IDENT "a"
NEWLINE
IDENT "replicate"
IDENT "n"
IDENT "x"
INDENT
PIPE
IDENT "n"
LEQ
INT 0
EQUAL
LBRACKET
RBRACKET
NEWLINE
PIPE
IDENT "otherwise"
EQUAL
IDENT "x"
CONS
IDENT "replicate"
LPAREN
IDENT "n"
MINUS
INT 1
RPAREN
IDENT "x"
NEWLINE
DEDENT
NEWLINE
NEWLINE
EXPORT
NEWLINE
IDENT "iterate"
COLON
UPPER "Int"
ARROW
LPAREN
IDENT "a"
ARROW
LT
IDENT "e"
GT
IDENT "a"
RPAREN
ARROW
IDENT "a"
ARROW
LT
IDENT "e"
GT
UPPER "List"
IDENT "a"
NEWLINE
IDENT "iterate"
IDENT "n"
IDENT "f"
IDENT "x"
INDENT
PIPE
IDENT "n"
LEQ
INT 0
EQUAL
LBRACKET
RBRACKET
NEWLINE
PIPE
IDENT "otherwise"
EQUAL
IDENT "x"
CONS
IDENT "iterate"
LPAREN
IDENT "n"
MINUS
INT 1
RPAREN
IDENT "f"
LPAREN
IDENT "f"
IDENT "x"
RPAREN
NEWLINE
DEDENT
NEWLINE
NEWLINE
EXPORT
NEWLINE
IDENT "unfold"
COLON
LPAREN
IDENT "b"
ARROW
LT
IDENT "e"
GT
UPPER "Option"
LPAREN
IDENT "a"
COMMA
IDENT "b"
RPAREN
RPAREN
ARROW
IDENT "b"
ARROW
LT
IDENT "e"
GT
UPPER "List"
IDENT "a"
NEWLINE
IDENT "unfold"
IDENT "gen"
IDENT "seed"
EQUAL
MATCH
IDENT "gen"
IDENT "seed"
INDENT
UPPER "None"
FAT_ARROW
LBRACKET
RBRACKET
NEWLINE
UPPER "Some"
LPAREN
IDENT "x"
COMMA
IDENT "next"
RPAREN
FAT_ARROW
IDENT "x"
CONS
IDENT "unfold"
IDENT "gen"
IDENT "next"
NEWLINE
DEDENT
NEWLINE
NEWLINE
NEWLINE
EXPORT
NEWLINE
IDENT "reverse"
COLON
UPPER "List"
IDENT "a"
ARROW
UPPER "List"
IDENT "a"
NEWLINE
IDENT "reverse"
IDENT "xs"
EQUAL
IDENT "go"
IDENT "xs"
LBRACKET
RBRACKET
INDENT
WHERE
INDENT
IDENT "go"
LBRACKET
RBRACKET
IDENT "acc"
EQUAL
IDENT "acc"
NEWLINE
IDENT "go"
LPAREN
IDENT "y"
CONS
IDENT "ys"
RPAREN
IDENT "acc"
EQUAL
IDENT "go"
IDENT "ys"
LPAREN
IDENT "y"
CONS
IDENT "acc"
RPAREN
NEWLINE
DEDENT
NEWLINE
DEDENT
NEWLINE
NEWLINE
EXPORT
NEWLINE
IDENT "intersperse"
COLON
IDENT "a"
ARROW
UPPER "List"
IDENT "a"
ARROW
UPPER "List"
IDENT "a"
NEWLINE
IDENT "intersperse"
UNDERSCORE
LBRACKET
RBRACKET
EQUAL
LBRACKET
RBRACKET
NEWLINE
IDENT "intersperse"
UNDERSCORE
LBRACKET
IDENT "x"
RBRACKET
EQUAL
LBRACKET
IDENT "x"
RBRACKET
NEWLINE
IDENT "intersperse"
IDENT "sep"
LPAREN
IDENT "x"
CONS
IDENT "xs"
RPAREN
EQUAL
IDENT "x"
CONS
IDENT "sep"
CONS
IDENT "intersperse"
IDENT "sep"
IDENT "xs"
NEWLINE
NEWLINE
EXPORT
NEWLINE
IDENT "intercalate"
COLON
UPPER "List"
IDENT "a"
ARROW
UPPER "List"
LPAREN
UPPER "List"
IDENT "a"
RPAREN
ARROW
UPPER "List"
IDENT "a"
NEWLINE
IDENT "intercalate"
IDENT "sep"
IDENT "xss"
EQUAL
IDENT "flat"
LPAREN
IDENT "intersperse"
IDENT "sep"
IDENT "xss"
RPAREN
NEWLINE
NEWLINE
EXPORT
NEWLINE
IDENT "transpose"
COLON
UPPER "List"
LPAREN
UPPER "List"
IDENT "a"
RPAREN
ARROW
UPPER "List"
LPAREN
UPPER "List"
IDENT "a"
RPAREN
NEWLINE
IDENT "transpose"
LBRACKET
RBRACKET
EQUAL
LBRACKET
RBRACKET
NEWLINE
IDENT "transpose"
LPAREN
LBRACKET
RBRACKET
CONS
IDENT "xss"
RPAREN
EQUAL
IDENT "transpose"
IDENT "xss"
NEWLINE
IDENT "transpose"
LPAREN
LPAREN
IDENT "x"
CONS
IDENT "xs"
RPAREN
CONS
IDENT "xss"
RPAREN
EQUAL
LPAREN
IDENT "x"
CONS
IDENT "filterMap"
IDENT "head"
IDENT "xss"
RPAREN
CONS
IDENT "transpose"
LPAREN
IDENT "xs"
CONS
IDENT "filterMap"
IDENT "tail"
IDENT "xss"
RPAREN
NEWLINE
NEWLINE
EXPORT
NEWLINE
IDENT "subsequences"
COLON
UPPER "List"
IDENT "a"
ARROW
UPPER "List"
LPAREN
UPPER "List"
IDENT "a"
RPAREN
NEWLINE
IDENT "subsequences"
LBRACKET
RBRACKET
EQUAL
LBRACKET
LBRACKET
RBRACKET
RBRACKET
NEWLINE
IDENT "subsequences"
LPAREN
IDENT "x"
CONS
IDENT "xs"
RPAREN
EQUAL
IDENT "flatMap"
LPAREN
IDENT "sub"
FAT_ARROW
LBRACKET
IDENT "sub"
COMMA
IDENT "x"
CONS
IDENT "sub"
RBRACKET
RPAREN
LPAREN
IDENT "subsequences"
IDENT "xs"
RPAREN
NEWLINE
NEWLINE
EXPORT
NEWLINE
IDENT "permutations"
COLON
UPPER "List"
IDENT "a"
ARROW
UPPER "List"
LPAREN
UPPER "List"
IDENT "a"
RPAREN
NEWLINE
IDENT "permutations"
LBRACKET
RBRACKET
EQUAL
LBRACKET
LBRACKET
RBRACKET
RBRACKET
NEWLINE
IDENT "permutations"
IDENT "xs"
EQUAL
INDENT
IDENT "flatMap"
LPAREN
LPAREN
IDENT "h"
COMMA
IDENT "rest"
RPAREN
FAT_ARROW
IDENT "map"
LPAREN
IDENT "p"
FAT_ARROW
IDENT "h"
CONS
IDENT "p"
RPAREN
LPAREN
IDENT "permutations"
IDENT "rest"
RPAREN
RPAREN
LPAREN
IDENT "selections"
IDENT "xs"
RPAREN
NEWLINE
DEDENT
NEWLINE
NEWLINE
IDENT "selections"
COLON
UPPER "List"
IDENT "a"
ARROW
UPPER "List"
LPAREN
IDENT "a"
COMMA
UPPER "List"
IDENT "a"
RPAREN
NEWLINE
IDENT "selections"
LBRACKET
RBRACKET
EQUAL
LBRACKET
RBRACKET
NEWLINE
IDENT "selections"
LPAREN
IDENT "x"
CONS
IDENT "xs"
RPAREN
EQUAL
LPAREN
IDENT "x"
COMMA
IDENT "xs"
RPAREN
CONS
IDENT "map"
LPAREN
LPAREN
IDENT "y"
COMMA
IDENT "ys"
RPAREN
FAT_ARROW
LPAREN
IDENT "y"
COMMA
IDENT "x"
CONS
IDENT "ys"
RPAREN
RPAREN
LPAREN
IDENT "selections"
IDENT "xs"
RPAREN
NEWLINE
NEWLINE
NEWLINE
EXPORT
NEWLINE
IDENT "scanLeft"
COLON
LPAREN
IDENT "b"
ARROW
IDENT "a"
ARROW
LT
IDENT "e"
GT
IDENT "b"
RPAREN
ARROW
IDENT "b"
ARROW
UPPER "List"
IDENT "a"
ARROW
LT
IDENT "e"
GT
UPPER "List"
IDENT "b"
NEWLINE
IDENT "scanLeft"
UNDERSCORE
IDENT "z"
LBRACKET
RBRACKET
EQUAL
LBRACKET
IDENT "z"
RBRACKET
NEWLINE
IDENT "scanLeft"
IDENT "f"
IDENT "z"
LPAREN
IDENT "x"
CONS
IDENT "xs"
RPAREN
EQUAL
IDENT "z"
CONS
IDENT "scanLeft"
IDENT "f"
LPAREN
IDENT "f"
IDENT "z"
IDENT "x"
RPAREN
IDENT "xs"
NEWLINE
NEWLINE
EXPORT
NEWLINE
IDENT "scanRight"
COLON
LPAREN
IDENT "a"
ARROW
IDENT "b"
ARROW
LT
IDENT "e"
GT
IDENT "b"
RPAREN
ARROW
IDENT "b"
ARROW
UPPER "List"
IDENT "a"
ARROW
LT
IDENT "e"
GT
UPPER "List"
IDENT "b"
NEWLINE
IDENT "scanRight"
UNDERSCORE
IDENT "z"
LBRACKET
RBRACKET
EQUAL
LBRACKET
IDENT "z"
RBRACKET
NEWLINE
IDENT "scanRight"
IDENT "f"
IDENT "z"
LPAREN
IDENT "x"
CONS
IDENT "xs"
RPAREN
EQUAL
MATCH
IDENT "scanRight"
IDENT "f"
IDENT "z"
IDENT "xs"
INDENT
IDENT "q"
CONS
IDENT "qs"
FAT_ARROW
IDENT "f"
IDENT "x"
IDENT "q"
CONS
IDENT "q"
CONS
IDENT "qs"
NEWLINE
LBRACKET
RBRACKET
FAT_ARROW
LBRACKET
IDENT "f"
IDENT "x"
IDENT "z"
RBRACKET
NEWLINE
DEDENT
NEWLINE
NEWLINE
NEWLINE
EXPORT
NEWLINE
IDENT "findIndex"
COLON
LPAREN
IDENT "a"
ARROW
LT
IDENT "e"
GT
UPPER "Bool"
RPAREN
ARROW
UPPER "List"
IDENT "a"
ARROW
LT
IDENT "e"
GT
UPPER "Option"
UPPER "Int"
NEWLINE
IDENT "findIndex"
IDENT "p"
IDENT "xs"
EQUAL
IDENT "go"
INT 0
IDENT "xs"
INDENT
WHERE
INDENT
IDENT "go"
UNDERSCORE
LBRACKET
RBRACKET
EQUAL
UPPER "None"
NEWLINE
IDENT "go"
IDENT "i"
LPAREN
IDENT "x"
CONS
IDENT "rest"
RPAREN
INDENT
PIPE
IDENT "p"
IDENT "x"
EQUAL
UPPER "Some"
IDENT "i"
NEWLINE
PIPE
IDENT "otherwise"
EQUAL
IDENT "go"
LPAREN
IDENT "i"
PLUS
INT 1
RPAREN
IDENT "rest"
NEWLINE
DEDENT
NEWLINE
DEDENT
NEWLINE
DEDENT
NEWLINE
NEWLINE
EXPORT
NEWLINE
IDENT "findIndices"
COLON
LPAREN
IDENT "a"
ARROW
LT
IDENT "e"
GT
UPPER "Bool"
RPAREN
ARROW
UPPER "List"
IDENT "a"
ARROW
LT
IDENT "e"
GT
UPPER "List"
UPPER "Int"
NEWLINE
IDENT "findIndices"
IDENT "p"
IDENT "xs"
EQUAL
IDENT "go"
INT 0
IDENT "xs"
INDENT
WHERE
INDENT
IDENT "go"
UNDERSCORE
LBRACKET
RBRACKET
EQUAL
LBRACKET
RBRACKET
NEWLINE
IDENT "go"
IDENT "i"
LPAREN
IDENT "x"
CONS
IDENT "rest"
RPAREN
INDENT
PIPE
IDENT "p"
IDENT "x"
EQUAL
IDENT "i"
CONS
IDENT "go"
LPAREN
IDENT "i"
PLUS
INT 1
RPAREN
IDENT "rest"
NEWLINE
PIPE
IDENT "otherwise"
EQUAL
IDENT "go"
LPAREN
IDENT "i"
PLUS
INT 1
RPAREN
IDENT "rest"
NEWLINE
DEDENT
NEWLINE
DEDENT
NEWLINE
DEDENT
NEWLINE
NEWLINE
EXPORT
NEWLINE
IDENT "elemIndex"
COLON
UPPER "Eq"
IDENT "a"
FAT_ARROW
IDENT "a"
ARROW
UPPER "List"
IDENT "a"
ARROW
UPPER "Option"
UPPER "Int"
NEWLINE
IDENT "elemIndex"
IDENT "x"
IDENT "xs"
EQUAL
IDENT "findIndex"
LPAREN
EQ_EQ
IDENT "x"
RPAREN
IDENT "xs"
NEWLINE
NEWLINE
NEWLINE
EXPORT
NEWLINE
IDENT "take"
COLON
UPPER "Int"
ARROW
UPPER "List"
IDENT "a"
ARROW
UPPER "List"
IDENT "a"
NEWLINE
IDENT "take"
UNDERSCORE
LBRACKET
RBRACKET
EQUAL
LBRACKET
RBRACKET
NEWLINE
IDENT "take"
IDENT "n"
LPAREN
IDENT "x"
CONS
IDENT "xs"
RPAREN
INDENT
PIPE
IDENT "n"
LEQ
INT 0
EQUAL
LBRACKET
RBRACKET
NEWLINE
PIPE
IDENT "otherwise"
EQUAL
IDENT "x"
CONS
IDENT "take"
LPAREN
IDENT "n"
MINUS
INT 1
RPAREN
IDENT "xs"
NEWLINE
DEDENT
NEWLINE
NEWLINE
EXPORT
NEWLINE
IDENT "drop"
COLON
UPPER "Int"
ARROW
UPPER "List"
IDENT "a"
ARROW
UPPER "List"
IDENT "a"
NEWLINE
IDENT "drop"
UNDERSCORE
LBRACKET
RBRACKET
EQUAL
LBRACKET
RBRACKET
NEWLINE
IDENT "drop"
IDENT "n"
LPAREN
IDENT "xs"
AS_AT
LPAREN
UNDERSCORE
CONS
IDENT "rest"
RPAREN
RPAREN
INDENT
PIPE
IDENT "n"
LEQ
INT 0
EQUAL
IDENT "xs"
NEWLINE
PIPE
IDENT "otherwise"
EQUAL
IDENT "drop"
LPAREN
IDENT "n"
MINUS
INT 1
RPAREN
IDENT "rest"
NEWLINE
DEDENT
NEWLINE
NEWLINE
EXPORT
NEWLINE
IDENT "takeWhile"
COLON
LPAREN
IDENT "a"
ARROW
LT
IDENT "e"
GT
UPPER "Bool"
RPAREN
ARROW
UPPER "List"
IDENT "a"
ARROW
LT
IDENT "e"
GT
UPPER "List"
IDENT "a"
NEWLINE
IDENT "takeWhile"
UNDERSCORE
LBRACKET
RBRACKET
EQUAL
LBRACKET
RBRACKET
NEWLINE
IDENT "takeWhile"
IDENT "p"
LPAREN
IDENT "x"
CONS
IDENT "xs"
RPAREN
INDENT
PIPE
IDENT "p"
IDENT "x"
EQUAL
IDENT "x"
CONS
IDENT "takeWhile"
IDENT "p"
IDENT "xs"
NEWLINE
PIPE
IDENT "otherwise"
EQUAL
LBRACKET
RBRACKET
NEWLINE
DEDENT
NEWLINE
NEWLINE
EXPORT
NEWLINE
IDENT "dropWhile"
COLON
LPAREN
IDENT "a"
ARROW
LT
IDENT "e"
GT
UPPER "Bool"
RPAREN
ARROW
UPPER "List"
IDENT "a"
ARROW
LT
IDENT "e"
GT
UPPER "List"
IDENT "a"
NEWLINE
IDENT "dropWhile"
UNDERSCORE
LBRACKET
RBRACKET
EQUAL
LBRACKET
RBRACKET
NEWLINE
IDENT "dropWhile"
IDENT "p"
LPAREN
IDENT "xs"
AS_AT
LPAREN
IDENT "x"
CONS
IDENT "rest"
RPAREN
RPAREN
INDENT
PIPE
IDENT "p"
IDENT "x"
EQUAL
IDENT "dropWhile"
IDENT "p"
IDENT "rest"
NEWLINE
PIPE
IDENT "otherwise"
EQUAL
IDENT "xs"
NEWLINE
DEDENT
NEWLINE
NEWLINE
EXPORT
NEWLINE
IDENT "span"
COLON
LPAREN
IDENT "a"
ARROW
LT
IDENT "e"
GT
UPPER "Bool"
RPAREN
ARROW
UPPER "List"
IDENT "a"
ARROW
LT
IDENT "e"
GT
LPAREN
UPPER "List"
IDENT "a"
COMMA
UPPER "List"
IDENT "a"
RPAREN
NEWLINE
IDENT "span"
UNDERSCORE
LBRACKET
RBRACKET
EQUAL
LPAREN
LBRACKET
RBRACKET
COMMA
LBRACKET
RBRACKET
RPAREN
NEWLINE
IDENT "span"
IDENT "p"
LPAREN
IDENT "xs"
AS_AT
LPAREN
IDENT "x"
CONS
IDENT "rest"
RPAREN
RPAREN
INDENT
PIPE
IDENT "p"
IDENT "x"
EQUAL
LET
LPAREN
IDENT "a"
COMMA
IDENT "b"
RPAREN
EQUAL
IDENT "span"
IDENT "p"
IDENT "rest"
IN
LPAREN
IDENT "x"
CONS
IDENT "a"
COMMA
IDENT "b"
RPAREN
NEWLINE
PIPE
IDENT "otherwise"
EQUAL
LPAREN
LBRACKET
RBRACKET
COMMA
IDENT "xs"
RPAREN
NEWLINE
DEDENT
NEWLINE
NEWLINE
EXPORT
NEWLINE
IDENT "break"
COLON
LPAREN
IDENT "a"
ARROW
LT
IDENT "e"
GT
UPPER "Bool"
RPAREN
ARROW
UPPER "List"
IDENT "a"
ARROW
LT
IDENT "e"
GT
LPAREN
UPPER "List"
IDENT "a"
COMMA
UPPER "List"
IDENT "a"
RPAREN
NEWLINE
IDENT "break"
IDENT "p"
IDENT "xs"
EQUAL
IDENT "span"
LPAREN
IDENT "x"
FAT_ARROW
IDENT "not"
LPAREN
IDENT "p"
IDENT "x"
RPAREN
RPAREN
IDENT "xs"
NEWLINE
NEWLINE
EXPORT
NEWLINE
IDENT "splitAt"
COLON
UPPER "Int"
ARROW
UPPER "List"
IDENT "a"
ARROW
LPAREN
UPPER "List"
IDENT "a"
COMMA
UPPER "List"
IDENT "a"
RPAREN
NEWLINE
IDENT "splitAt"
UNDERSCORE
LBRACKET
RBRACKET
EQUAL
LPAREN
LBRACKET
RBRACKET
COMMA
LBRACKET
RBRACKET
RPAREN
NEWLINE
IDENT "splitAt"
IDENT "n"
LPAREN
IDENT "xs"
AS_AT
LPAREN
IDENT "x"
CONS
IDENT "rest"
RPAREN
RPAREN
INDENT
PIPE
IDENT "n"
LEQ
INT 0
EQUAL
LPAREN
LBRACKET
RBRACKET
COMMA
IDENT "xs"
RPAREN
NEWLINE
PIPE
IDENT "otherwise"
EQUAL
LET
LPAREN
IDENT "a"
COMMA
IDENT "b"
RPAREN
EQUAL
IDENT "splitAt"
LPAREN
IDENT "n"
MINUS
INT 1
RPAREN
IDENT "rest"
IN
LPAREN
IDENT "x"
CONS
IDENT "a"
COMMA
IDENT "b"
RPAREN
NEWLINE
DEDENT
NEWLINE
NEWLINE
EXPORT
NEWLINE
IDENT "slice"
COLON
UPPER "Int"
ARROW
UPPER "Int"
ARROW
UPPER "List"
IDENT "a"
ARROW
UPPER "List"
IDENT "a"
NEWLINE
IDENT "slice"
IDENT "lo"
IDENT "hi"
IDENT "xs"
EQUAL
IDENT "drop"
IDENT "lo"
LPAREN
IDENT "take"
IDENT "hi"
IDENT "xs"
RPAREN
NEWLINE
NEWLINE
EXPORT
NEWLINE
IDENT "chunks"
COLON
UPPER "Int"
ARROW
UPPER "List"
IDENT "a"
ARROW
UPPER "List"
LPAREN
UPPER "List"
IDENT "a"
RPAREN
NEWLINE
IDENT "chunks"
UNDERSCORE
LBRACKET
RBRACKET
EQUAL
LBRACKET
RBRACKET
NEWLINE
IDENT "chunks"
IDENT "n"
LPAREN
IDENT "xs"
AS_AT
LPAREN
UNDERSCORE
CONS
UNDERSCORE
RPAREN
RPAREN
INDENT
PIPE
IDENT "n"
LEQ
INT 0
EQUAL
LBRACKET
RBRACKET
NEWLINE
PIPE
IDENT "otherwise"
EQUAL
IDENT "take"
IDENT "n"
IDENT "xs"
CONS
IDENT "chunks"
IDENT "n"
LPAREN
IDENT "drop"
IDENT "n"
IDENT "xs"
RPAREN
NEWLINE
DEDENT
NEWLINE
NEWLINE
NEWLINE
EXPORT
NEWLINE
IDENT "sortBy"
COLON
LPAREN
IDENT "a"
ARROW
IDENT "a"
ARROW
LT
IDENT "e"
GT
UPPER "Ordering"
RPAREN
ARROW
UPPER "List"
IDENT "a"
ARROW
LT
IDENT "e"
GT
UPPER "List"
IDENT "a"
NEWLINE
IDENT "sortBy"
UNDERSCORE
LBRACKET
RBRACKET
EQUAL
LBRACKET
RBRACKET
NEWLINE
IDENT "sortBy"
UNDERSCORE
LBRACKET
IDENT "x"
RBRACKET
EQUAL
LBRACKET
IDENT "x"
RBRACKET
NEWLINE
IDENT "sortBy"
IDENT "cmp"
IDENT "xs"
EQUAL
INDENT
LET
LPAREN
IDENT "l"
COMMA
IDENT "r"
RPAREN
EQUAL
IDENT "splitAt"
LPAREN
IDENT "length"
IDENT "xs"
SLASH
INT 2
RPAREN
IDENT "xs"
NEWLINE
IDENT "merge"
IDENT "cmp"
LPAREN
IDENT "sortBy"
IDENT "cmp"
IDENT "l"
RPAREN
LPAREN
IDENT "sortBy"
IDENT "cmp"
IDENT "r"
RPAREN
NEWLINE
DEDENT
NEWLINE
NEWLINE
IDENT "merge"
COLON
LPAREN
IDENT "a"
ARROW
IDENT "a"
ARROW
LT
IDENT "e"
GT
UPPER "Ordering"
RPAREN
ARROW
UPPER "List"
IDENT "a"
ARROW
UPPER "List"
IDENT "a"
ARROW
LT
IDENT "e"
GT
UPPER "List"
IDENT "a"
NEWLINE
IDENT "merge"
UNDERSCORE
LBRACKET
RBRACKET
IDENT "ys"
EQUAL
IDENT "ys"
NEWLINE
IDENT "merge"
UNDERSCORE
IDENT "xs"
LBRACKET
RBRACKET
EQUAL
IDENT "xs"
NEWLINE
IDENT "merge"
IDENT "cmp"
LPAREN
IDENT "xs"
AS_AT
LPAREN
IDENT "x"
CONS
IDENT "xs'"
RPAREN
RPAREN
LPAREN
IDENT "ys"
AS_AT
LPAREN
IDENT "y"
CONS
IDENT "ys'"
RPAREN
RPAREN
EQUAL
MATCH
IDENT "cmp"
IDENT "x"
IDENT "y"
INDENT
UPPER "Gt"
FAT_ARROW
IDENT "y"
CONS
IDENT "merge"
IDENT "cmp"
IDENT "xs"
IDENT "ys'"
NEWLINE
UNDERSCORE
FAT_ARROW
IDENT "x"
CONS
IDENT "merge"
IDENT "cmp"
IDENT "xs'"
IDENT "ys"
NEWLINE
DEDENT
NEWLINE
NEWLINE
EXPORT
NEWLINE
IDENT "sort"
COLON
UPPER "Ord"
IDENT "a"
FAT_ARROW
UPPER "List"
IDENT "a"
ARROW
UPPER "List"
IDENT "a"
NEWLINE
IDENT "sort"
IDENT "xs"
EQUAL
IDENT "sortBy"
IDENT "compare"
IDENT "xs"
NEWLINE
NEWLINE
EXPORT
NEWLINE
IDENT "sortOn"
COLON
UPPER "Ord"
IDENT "b"
FAT_ARROW
LPAREN
IDENT "a"
ARROW
LT
IDENT "e"
GT
IDENT "b"
RPAREN
ARROW
UPPER "List"
IDENT "a"
ARROW
LT
IDENT "e"
GT
UPPER "List"
IDENT "a"
NEWLINE
IDENT "sortOn"
IDENT "key"
IDENT "xs"
EQUAL
INDENT
LET
IDENT "decorated"
EQUAL
IDENT "map"
LPAREN
IDENT "x"
FAT_ARROW
LPAREN
IDENT "key"
IDENT "x"
COMMA
IDENT "x"
RPAREN
RPAREN
IDENT "xs"
NEWLINE
IDENT "map"
IDENT "snd"
LPAREN
IDENT "sortBy"
LPAREN
LPAREN
IDENT "k1"
COMMA
UNDERSCORE
RPAREN
LPAREN
IDENT "k2"
COMMA
UNDERSCORE
RPAREN
FAT_ARROW
IDENT "compare"
IDENT "k1"
IDENT "k2"
RPAREN
IDENT "decorated"
RPAREN
NEWLINE
DEDENT
NEWLINE
NEWLINE
EXPORT
NEWLINE
IDENT "nubBy"
COLON
LPAREN
IDENT "a"
ARROW
IDENT "a"
ARROW
LT
IDENT "e"
GT
UPPER "Bool"
RPAREN
ARROW
UPPER "List"
IDENT "a"
ARROW
LT
IDENT "e"
GT
UPPER "List"
IDENT "a"
NEWLINE
IDENT "nubBy"
IDENT "same"
IDENT "xs"
EQUAL
IDENT "go"
IDENT "xs"
LBRACKET
RBRACKET
INDENT
WHERE
INDENT
IDENT "go"
LBRACKET
RBRACKET
UNDERSCORE
EQUAL
LBRACKET
RBRACKET
NEWLINE
IDENT "go"
LPAREN
IDENT "x"
CONS
IDENT "rest"
RPAREN
IDENT "seen"
INDENT
PIPE
IDENT "any"
LPAREN
IDENT "s"
FAT_ARROW
IDENT "same"
IDENT "x"
IDENT "s"
RPAREN
IDENT "seen"
EQUAL
IDENT "go"
IDENT "rest"
IDENT "seen"
NEWLINE
PIPE
IDENT "otherwise"
EQUAL
IDENT "x"
CONS
IDENT "go"
IDENT "rest"
LPAREN
IDENT "x"
CONS
IDENT "seen"
RPAREN
NEWLINE
DEDENT
NEWLINE
DEDENT
NEWLINE
DEDENT
NEWLINE
NEWLINE
EXPORT
NEWLINE
IDENT "nub"
COLON
UPPER "Eq"
IDENT "a"
FAT_ARROW
UPPER "List"
IDENT "a"
ARROW
UPPER "List"
IDENT "a"
NEWLINE
IDENT "nub"
IDENT "xs"
EQUAL
IDENT "nubBy"
LPAREN
EQ_EQ
RPAREN
IDENT "xs"
NEWLINE
NEWLINE
NEWLINE
EXPORT
NEWLINE
IDENT "groupBy"
COLON
LPAREN
IDENT "a"
ARROW
IDENT "a"
ARROW
LT
IDENT "e"
GT
UPPER "Bool"
RPAREN
ARROW
UPPER "List"
IDENT "a"
ARROW
LT
IDENT "e"
GT
UPPER "List"
LPAREN
UPPER "List"
IDENT "a"
RPAREN
NEWLINE
IDENT "groupBy"
UNDERSCORE
LBRACKET
RBRACKET
EQUAL
LBRACKET
RBRACKET
NEWLINE
IDENT "groupBy"
IDENT "same"
LPAREN
IDENT "x"
CONS
IDENT "xs"
RPAREN
EQUAL
INDENT
LET
LPAREN
IDENT "grp"
COMMA
IDENT "rest"
RPAREN
EQUAL
IDENT "span"
LPAREN
IDENT "y"
FAT_ARROW
IDENT "same"
IDENT "x"
IDENT "y"
RPAREN
IDENT "xs"
NEWLINE
LPAREN
IDENT "x"
CONS
IDENT "grp"
RPAREN
CONS
IDENT "groupBy"
IDENT "same"
IDENT "rest"
NEWLINE
DEDENT
NEWLINE
NEWLINE
EXPORT
NEWLINE
IDENT "group"
COLON
UPPER "Eq"
IDENT "a"
FAT_ARROW
UPPER "List"
IDENT "a"
ARROW
UPPER "List"
LPAREN
UPPER "List"
IDENT "a"
RPAREN
NEWLINE
IDENT "group"
IDENT "xs"
EQUAL
IDENT "groupBy"
LPAREN
EQ_EQ
RPAREN
IDENT "xs"
NEWLINE
NEWLINE
EXPORT
NEWLINE
IDENT "partition"
COLON
LPAREN
IDENT "a"
ARROW
LT
IDENT "e"
GT
UPPER "Bool"
RPAREN
ARROW
UPPER "List"
IDENT "a"
ARROW
LT
IDENT "e"
GT
LPAREN
UPPER "List"
IDENT "a"
COMMA
UPPER "List"
IDENT "a"
RPAREN
NEWLINE
IDENT "partition"
UNDERSCORE
LBRACKET
RBRACKET
EQUAL
LPAREN
LBRACKET
RBRACKET
COMMA
LBRACKET
RBRACKET
RPAREN
NEWLINE
IDENT "partition"
IDENT "p"
LPAREN
IDENT "x"
CONS
IDENT "xs"
RPAREN
EQUAL
INDENT
LET
LPAREN
IDENT "yes"
COMMA
IDENT "no"
RPAREN
EQUAL
IDENT "partition"
IDENT "p"
IDENT "xs"
NEWLINE
IF
IDENT "p"
IDENT "x"
THEN
LPAREN
IDENT "x"
CONS
IDENT "yes"
COMMA
IDENT "no"
RPAREN
ELSE
LPAREN
IDENT "yes"
COMMA
IDENT "x"
CONS
IDENT "no"
RPAREN
NEWLINE
DEDENT
NEWLINE
NEWLINE
EXPORT
NEWLINE
IDENT "tally"
COLON
UPPER "Eq"
IDENT "a"
FAT_ARROW
UPPER "List"
IDENT "a"
ARROW
UPPER "List"
LPAREN
IDENT "a"
COMMA
UPPER "Int"
RPAREN
NEWLINE
IDENT "tally"
IDENT "xs"
EQUAL
IDENT "go"
IDENT "xs"
LBRACKET
RBRACKET
INDENT
WHERE
INDENT
IDENT "go"
LBRACKET
RBRACKET
IDENT "acc"
EQUAL
IDENT "acc"
NEWLINE
IDENT "go"
LPAREN
IDENT "x"
CONS
IDENT "rest"
RPAREN
IDENT "acc"
EQUAL
IDENT "go"
IDENT "rest"
LPAREN
IDENT "bump"
IDENT "x"
IDENT "acc"
RPAREN
NEWLINE
IDENT "bump"
IDENT "x"
LBRACKET
RBRACKET
EQUAL
LBRACKET
LPAREN
IDENT "x"
COMMA
INT 1
RPAREN
RBRACKET
NEWLINE
IDENT "bump"
IDENT "x"
LPAREN
LPAREN
IDENT "k"
COMMA
IDENT "c"
RPAREN
CONS
IDENT "kvs"
RPAREN
INDENT
PIPE
IDENT "k"
EQ_EQ
IDENT "x"
EQUAL
LPAREN
IDENT "k"
COMMA
IDENT "c"
PLUS
INT 1
RPAREN
CONS
IDENT "kvs"
NEWLINE
PIPE
IDENT "otherwise"
EQUAL
LPAREN
IDENT "k"
COMMA
IDENT "c"
RPAREN
CONS
IDENT "bump"
IDENT "x"
IDENT "kvs"
NEWLINE
DEDENT
NEWLINE
DEDENT
NEWLINE
DEDENT
NEWLINE
NEWLINE
NEWLINE
EXPORT
NEWLINE
IDENT "head"
COLON
UPPER "List"
IDENT "a"
ARROW
UPPER "Option"
IDENT "a"
NEWLINE
IDENT "head"
LBRACKET
RBRACKET
EQUAL
UPPER "None"
NEWLINE
IDENT "head"
LPAREN
IDENT "x"
CONS
UNDERSCORE
RPAREN
EQUAL
UPPER "Some"
IDENT "x"
NEWLINE
EXPORT
NEWLINE
IDENT "tail"
COLON
UPPER "List"
IDENT "a"
ARROW
UPPER "Option"
LPAREN
UPPER "List"
IDENT "a"
RPAREN
NEWLINE
IDENT "tail"
LBRACKET
RBRACKET
EQUAL
UPPER "None"
NEWLINE
IDENT "tail"
LPAREN
UNDERSCORE
CONS
IDENT "xs"
RPAREN
EQUAL
UPPER "Some"
IDENT "xs"
NEWLINE
EXPORT
NEWLINE
IDENT "last"
COLON
UPPER "List"
IDENT "a"
ARROW
UPPER "Option"
IDENT "a"
NEWLINE
IDENT "last"
LBRACKET
RBRACKET
EQUAL
UPPER "None"
NEWLINE
IDENT "last"
LBRACKET
IDENT "x"
RBRACKET
EQUAL
UPPER "Some"
IDENT "x"
NEWLINE
IDENT "last"
LPAREN
IDENT "x"
CONS
IDENT "xs"
RPAREN
EQUAL
IDENT "last"
IDENT "xs"
NEWLINE
EXPORT
NEWLINE
IDENT "init"
COLON
UPPER "List"
IDENT "a"
ARROW
UPPER "Option"
LPAREN
UPPER "List"
IDENT "a"
RPAREN
NEWLINE
IDENT "init"
LBRACKET
RBRACKET
EQUAL
UPPER "None"
NEWLINE
IDENT "init"
LPAREN
IDENT "x"
CONS
LBRACKET
RBRACKET
RPAREN
EQUAL
UPPER "Some"
LBRACKET
RBRACKET
NEWLINE
IDENT "init"
LPAREN
IDENT "x"
CONS
IDENT "xs"
RPAREN
EQUAL
IDENT "map"
LPAREN
IDENT "ys"
FAT_ARROW
IDENT "x"
CONS
IDENT "ys"
RPAREN
LPAREN
IDENT "init"
IDENT "xs"
RPAREN
NEWLINE
EXPORT
NEWLINE
IDENT "get"
COLON
UPPER "Int"
ARROW
UPPER "List"
IDENT "a"
ARROW
UPPER "Option"
IDENT "a"
NEWLINE
IDENT "get"
UNDERSCORE
LBRACKET
RBRACKET
EQUAL
UPPER "None"
NEWLINE
IDENT "get"
INT 0
LPAREN
IDENT "x"
CONS
UNDERSCORE
RPAREN
EQUAL
UPPER "Some"
IDENT "x"
NEWLINE
IDENT "get"
IDENT "i"
LPAREN
UNDERSCORE
CONS
IDENT "xs"
RPAREN
EQUAL
IDENT "get"
LPAREN
IDENT "i"
MINUS
INT 1
RPAREN
IDENT "xs"
NEWLINE
NEWLINE
NEWLINE
EXPORT
NEWLINE
IDENT "zip"
COLON
UPPER "List"
IDENT "a"
ARROW
UPPER "List"
IDENT "b"
ARROW
UPPER "List"
LPAREN
IDENT "a"
COMMA
IDENT "b"
RPAREN
NEWLINE
IDENT "zip"
LBRACKET
RBRACKET
UNDERSCORE
EQUAL
LBRACKET
RBRACKET
NEWLINE
IDENT "zip"
UNDERSCORE
LBRACKET
RBRACKET
EQUAL
LBRACKET
RBRACKET
NEWLINE
IDENT "zip"
LPAREN
IDENT "x"
CONS
IDENT "xs"
RPAREN
LPAREN
IDENT "y"
CONS
IDENT "ys"
RPAREN
EQUAL
LPAREN
IDENT "x"
COMMA
IDENT "y"
RPAREN
CONS
IDENT "zip"
IDENT "xs"
IDENT "ys"
NEWLINE
NEWLINE
EXPORT
NEWLINE
IDENT "zip3"
COLON
UPPER "List"
IDENT "a"
ARROW
UPPER "List"
IDENT "b"
ARROW
UPPER "List"
IDENT "c"
ARROW
UPPER "List"
LPAREN
IDENT "a"
COMMA
IDENT "b"
COMMA
IDENT "c"
RPAREN
NEWLINE
IDENT "zip3"
LBRACKET
RBRACKET
UNDERSCORE
UNDERSCORE
EQUAL
LBRACKET
RBRACKET
NEWLINE
IDENT "zip3"
UNDERSCORE
LBRACKET
RBRACKET
UNDERSCORE
EQUAL
LBRACKET
RBRACKET
NEWLINE
IDENT "zip3"
UNDERSCORE
UNDERSCORE
LBRACKET
RBRACKET
EQUAL
LBRACKET
RBRACKET
NEWLINE
IDENT "zip3"
LPAREN
IDENT "x"
CONS
IDENT "xs"
RPAREN
LPAREN
IDENT "y"
CONS
IDENT "ys"
RPAREN
LPAREN
IDENT "z"
CONS
IDENT "zs"
RPAREN
EQUAL
LPAREN
IDENT "x"
COMMA
IDENT "y"
COMMA
IDENT "z"
RPAREN
CONS
IDENT "zip3"
IDENT "xs"
IDENT "ys"
IDENT "zs"
NEWLINE
NEWLINE
EXPORT
NEWLINE
IDENT "zipWith"
COLON
LPAREN
IDENT "a"
ARROW
IDENT "b"
ARROW
LT
IDENT "e"
GT
IDENT "c"
RPAREN
ARROW
UPPER "List"
IDENT "a"
ARROW
UPPER "List"
IDENT "b"
ARROW
LT
IDENT "e"
GT
UPPER "List"
IDENT "c"
NEWLINE
IDENT "zipWith"
UNDERSCORE
LBRACKET
RBRACKET
UNDERSCORE
EQUAL
LBRACKET
RBRACKET
NEWLINE
IDENT "zipWith"
UNDERSCORE
UNDERSCORE
LBRACKET
RBRACKET
EQUAL
LBRACKET
RBRACKET
NEWLINE
IDENT "zipWith"
IDENT "f"
LPAREN
IDENT "x"
CONS
IDENT "xs"
RPAREN
LPAREN
IDENT "y"
CONS
IDENT "ys"
RPAREN
EQUAL
IDENT "f"
IDENT "x"
IDENT "y"
CONS
IDENT "zipWith"
IDENT "f"
IDENT "xs"
IDENT "ys"
NEWLINE
NEWLINE
EXPORT
NEWLINE
IDENT "unzip"
COLON
UPPER "List"
LPAREN
IDENT "a"
COMMA
IDENT "b"
RPAREN
ARROW
LPAREN
UPPER "List"
IDENT "a"
COMMA
UPPER "List"
IDENT "b"
RPAREN
NEWLINE
IDENT "unzip"
LBRACKET
RBRACKET
EQUAL
LPAREN
LBRACKET
RBRACKET
COMMA
LBRACKET
RBRACKET
RPAREN
NEWLINE
IDENT "unzip"
LPAREN
LPAREN
IDENT "x"
COMMA
IDENT "y"
RPAREN
CONS
IDENT "xys"
RPAREN
EQUAL
LET
LPAREN
IDENT "xs"
COMMA
IDENT "ys"
RPAREN
EQUAL
IDENT "unzip"
IDENT "xys"
IN
LPAREN
IDENT "x"
CONS
IDENT "xs"
COMMA
IDENT "y"
CONS
IDENT "ys"
RPAREN
NEWLINE
NEWLINE
NEWLINE
IDENT "isSorted"
COLON
UPPER "Ord"
IDENT "a"
FAT_ARROW
UPPER "List"
IDENT "a"
ARROW
UPPER "Bool"
NEWLINE
IDENT "isSorted"
LBRACKET
RBRACKET
EQUAL
UPPER "True"
NEWLINE
IDENT "isSorted"
LBRACKET
UNDERSCORE
RBRACKET
EQUAL
UPPER "True"
NEWLINE
IDENT "isSorted"
LPAREN
IDENT "x"
CONS
IDENT "y"
CONS
IDENT "rest"
RPAREN
EQUAL
IDENT "lte"
IDENT "x"
IDENT "y"
AND
IDENT "isSorted"
LPAREN
IDENT "y"
CONS
IDENT "rest"
RPAREN
NEWLINE
PROP
STRING "reverse is an involution"
LPAREN
IDENT "xs"
COLON
UPPER "List"
UPPER "Int"
RPAREN
EQUAL
IDENT "eq"
LPAREN
IDENT "reverse"
LPAREN
IDENT "reverse"
IDENT "xs"
RPAREN
RPAREN
IDENT "xs"
NEWLINE
PROP
STRING "take n ++ drop n recovers the list"
LPAREN
IDENT "n"
COLON
UPPER "Int"
RPAREN
LPAREN
IDENT "xs"
COLON
UPPER "List"
UPPER "Int"
RPAREN
EQUAL
INDENT
IDENT "eq"
LPAREN
IDENT "take"
IDENT "n"
IDENT "xs"
PLUSPLUS
IDENT "drop"
IDENT "n"
IDENT "xs"
RPAREN
IDENT "xs"
NEWLINE
DEDENT
NEWLINE
PROP
STRING "splitAt agrees with take/drop"
LPAREN
IDENT "n"
COLON
UPPER "Int"
RPAREN
LPAREN
IDENT "xs"
COLON
UPPER "List"
UPPER "Int"
RPAREN
EQUAL
INDENT
LET
LPAREN
IDENT "a"
COMMA
IDENT "b"
RPAREN
EQUAL
IDENT "splitAt"
IDENT "n"
IDENT "xs"
NEWLINE
IDENT "eq"
IDENT "a"
LPAREN
IDENT "take"
IDENT "n"
IDENT "xs"
RPAREN
AND
IDENT "eq"
IDENT "b"
LPAREN
IDENT "drop"
IDENT "n"
IDENT "xs"
RPAREN
NEWLINE
DEDENT
NEWLINE
PROP
STRING "span ++ recovers the list"
LPAREN
IDENT "xs"
COLON
UPPER "List"
UPPER "Int"
RPAREN
EQUAL
INDENT
LET
LPAREN
IDENT "a"
COMMA
IDENT "b"
RPAREN
EQUAL
IDENT "span"
LPAREN
IDENT "x"
FAT_ARROW
IDENT "x"
LT
INT 5
RPAREN
IDENT "xs"
NEWLINE
IDENT "eq"
LPAREN
IDENT "a"
PLUSPLUS
IDENT "b"
RPAREN
IDENT "xs"
NEWLINE
DEDENT
NEWLINE
PROP
STRING "sort is ascending and length-preserving"
LPAREN
IDENT "xs"
COLON
UPPER "List"
UPPER "Int"
RPAREN
EQUAL
INDENT
LET
IDENT "ys"
EQUAL
IDENT "sort"
IDENT "xs"
NEWLINE
IDENT "isSorted"
IDENT "ys"
AND
IDENT "length"
IDENT "ys"
EQ_EQ
IDENT "length"
IDENT "xs"
NEWLINE
DEDENT
NEWLINE
PROP
STRING "partition splits by the predicate"
LPAREN
IDENT "xs"
COLON
UPPER "List"
UPPER "Int"
RPAREN
EQUAL
INDENT
LET
LPAREN
IDENT "yes"
COMMA
IDENT "no"
RPAREN
EQUAL
IDENT "partition"
LPAREN
IDENT "x"
FAT_ARROW
IDENT "x"
GT
INT 0
RPAREN
IDENT "xs"
NEWLINE
IDENT "all"
LPAREN
IDENT "x"
FAT_ARROW
IDENT "x"
GT
INT 0
RPAREN
IDENT "yes"
AND
IDENT "all"
LPAREN
IDENT "x"
FAT_ARROW
IDENT "x"
LEQ
INT 0
RPAREN
IDENT "no"
NEWLINE
DEDENT
NEWLINE
PROP
STRING "nub removes all duplicates"
LPAREN
IDENT "xs"
COLON
UPPER "List"
UPPER "Int"
RPAREN
EQUAL
IDENT "eq"
LPAREN
IDENT "nub"
LPAREN
IDENT "nub"
IDENT "xs"
RPAREN
RPAREN
LPAREN
IDENT "nub"
IDENT "xs"
RPAREN
NEWLINE
PROP
STRING "concat of group recovers the list"
LPAREN
IDENT "xs"
COLON
UPPER "List"
UPPER "Int"
RPAREN
EQUAL
INDENT
IDENT "eq"
LPAREN
IDENT "flat"
LPAREN
IDENT "group"
IDENT "xs"
RPAREN
RPAREN
IDENT "xs"
NEWLINE
DEDENT
NEWLINE
PROP
STRING "span prefix all satisfies, and concatenates back"
LPAREN
IDENT "xs"
COLON
UPPER "List"
UPPER "Int"
RPAREN
EQUAL
INDENT
LET
LPAREN
IDENT "a"
COMMA
IDENT "b"
RPAREN
EQUAL
IDENT "span"
LPAREN
IDENT "x"
FAT_ARROW
IDENT "x"
LT
INT 5
RPAREN
IDENT "xs"
NEWLINE
IDENT "all"
LPAREN
IDENT "x"
FAT_ARROW
IDENT "x"
LT
INT 5
RPAREN
IDENT "a"
AND
IDENT "eq"
LPAREN
IDENT "a"
PLUSPLUS
IDENT "b"
RPAREN
IDENT "xs"
NEWLINE
DEDENT
NEWLINE
PROP
STRING "takeWhile ++ dropWhile recovers the list"
LPAREN
IDENT "xs"
COLON
UPPER "List"
UPPER "Int"
RPAREN
EQUAL
INDENT
IDENT "eq"
LPAREN
IDENT "takeWhile"
LPAREN
IDENT "x"
FAT_ARROW
IDENT "x"
LT
INT 5
RPAREN
IDENT "xs"
PLUSPLUS
IDENT "dropWhile"
LPAREN
IDENT "x"
FAT_ARROW
IDENT "x"
LT
INT 5
RPAREN
IDENT "xs"
RPAREN
IDENT "xs"
NEWLINE
DEDENT
NEWLINE
PROP
STRING "break equals span of the negated predicate"
LPAREN
IDENT "xs"
COLON
UPPER "List"
UPPER "Int"
RPAREN
EQUAL
INDENT
LET
LPAREN
IDENT "a1"
COMMA
IDENT "b1"
RPAREN
EQUAL
IDENT "break"
LPAREN
IDENT "x"
FAT_ARROW
IDENT "x"
GT
INT 5
RPAREN
IDENT "xs"
NEWLINE
LET
LPAREN
IDENT "a2"
COMMA
IDENT "b2"
RPAREN
EQUAL
IDENT "span"
LPAREN
IDENT "x"
FAT_ARROW
IDENT "not"
LPAREN
IDENT "x"
GT
INT 5
RPAREN
RPAREN
IDENT "xs"
NEWLINE
IDENT "eq"
IDENT "a1"
IDENT "a2"
AND
IDENT "eq"
IDENT "b1"
IDENT "b2"
NEWLINE
DEDENT
NEWLINE
PROP
STRING "range length is max 0 (hi - lo)"
LPAREN
IDENT "lo"
COLON
UPPER "Int"
RPAREN
LPAREN
IDENT "hi"
COLON
UPPER "Int"
RPAREN
EQUAL
INDENT
IDENT "length"
LPAREN
IDENT "range"
IDENT "lo"
IDENT "hi"
RPAREN
EQ_EQ
IDENT "max"
INT 0
LPAREN
IDENT "hi"
MINUS
IDENT "lo"
RPAREN
NEWLINE
DEDENT
NEWLINE
NEWLINE
EOF