NEWLINE
NEWLINE
NEWLINE
NEWLINE
NEWLINE
PUBLIC
EXPORT
DATA
UPPER "Expectation"
EQUAL
UPPER "Pass"
PIPE
UPPER "Fail"
UPPER "String"
DERIVING
LPAREN
UPPER "Debug"
RPAREN
NEWLINE
NEWLINE
EXPORT
NEWLINE
EXTERN
IDENT "runExpectation"
COLON
LPAREN
UPPER "Unit"
ARROW
UPPER "Expectation"
RPAREN
ARROW
UPPER "Expectation"
NEWLINE
NEWLINE
NEWLINE
EXPORT
NEWLINE
IDENT "pass"
COLON
UPPER "Expectation"
NEWLINE
IDENT "pass"
EQUAL
UPPER "Pass"
NEWLINE
NEWLINE
EXPORT
NEWLINE
IDENT "fail"
COLON
UPPER "String"
ARROW
UPPER "Expectation"
NEWLINE
IDENT "fail"
IDENT "msg"
EQUAL
UPPER "Fail"
IDENT "msg"
NEWLINE
NEWLINE
EXPORT
NEWLINE
IDENT "expectTrue"
COLON
UPPER "Bool"
ARROW
UPPER "Expectation"
NEWLINE
IDENT "expectTrue"
UPPER "True"
EQUAL
UPPER "Pass"
NEWLINE
IDENT "expectTrue"
UPPER "False"
EQUAL
UPPER "Fail"
STRING "expected True but got False"
NEWLINE
NEWLINE
EXPORT
NEWLINE
IDENT "expectFalse"
COLON
UPPER "Bool"
ARROW
UPPER "Expectation"
NEWLINE
IDENT "expectFalse"
UPPER "False"
EQUAL
UPPER "Pass"
NEWLINE
IDENT "expectFalse"
UPPER "True"
EQUAL
UPPER "Fail"
STRING "expected False but got True"
NEWLINE
NEWLINE
EXPORT
NEWLINE
IDENT "expectEqual"
COLON
LPAREN
UPPER "Eq"
IDENT "a"
COMMA
UPPER "Debug"
IDENT "a"
RPAREN
FAT_ARROW
IDENT "a"
ARROW
IDENT "a"
ARROW
UPPER "Expectation"
NEWLINE
IDENT "expectEqual"
IDENT "expected"
IDENT "actual"
EQUAL
INDENT
IF
IDENT "eq"
IDENT "expected"
IDENT "actual"
THEN
INDENT
UPPER "Pass"
NEWLINE
DEDENT
ELSE
INDENT
UPPER "Fail"
LPAREN
STRING "expected "
PLUSPLUS
IDENT "debug"
IDENT "expected"
PLUSPLUS
STRING " but got "
PLUSPLUS
IDENT "debug"
IDENT "actual"
RPAREN
NEWLINE
DEDENT
NEWLINE
DEDENT
NEWLINE
NEWLINE
EXPORT
NEWLINE
IDENT "expectNotEqual"
COLON
LPAREN
UPPER "Eq"
IDENT "a"
COMMA
UPPER "Debug"
IDENT "a"
RPAREN
FAT_ARROW
IDENT "a"
ARROW
IDENT "a"
ARROW
UPPER "Expectation"
NEWLINE
IDENT "expectNotEqual"
IDENT "expected"
IDENT "actual"
EQUAL
INDENT
IF
IDENT "neq"
IDENT "expected"
IDENT "actual"
THEN
INDENT
UPPER "Pass"
NEWLINE
DEDENT
ELSE
INDENT
UPPER "Fail"
LPAREN
STRING "expected values to differ but both were "
PLUSPLUS
IDENT "debug"
IDENT "actual"
RPAREN
NEWLINE
DEDENT
NEWLINE
DEDENT
NEWLINE
NEWLINE
EXPORT
NEWLINE
IDENT "expectLessThan"
COLON
LPAREN
UPPER "Ord"
IDENT "a"
COMMA
UPPER "Debug"
IDENT "a"
RPAREN
FAT_ARROW
IDENT "a"
ARROW
IDENT "a"
ARROW
UPPER "Expectation"
NEWLINE
IDENT "expectLessThan"
IDENT "expected"
IDENT "actual"
EQUAL
INDENT
IF
IDENT "lt"
IDENT "actual"
IDENT "expected"
THEN
INDENT
UPPER "Pass"
NEWLINE
DEDENT
ELSE
INDENT
UPPER "Fail"
LPAREN
STRING "expected "
PLUSPLUS
IDENT "debug"
IDENT "actual"
PLUSPLUS
STRING " < "
PLUSPLUS
IDENT "debug"
IDENT "expected"
RPAREN
NEWLINE
DEDENT
NEWLINE
DEDENT
NEWLINE
NEWLINE
EXPORT
NEWLINE
IDENT "expectGreaterThan"
COLON
LPAREN
UPPER "Ord"
IDENT "a"
COMMA
UPPER "Debug"
IDENT "a"
RPAREN
FAT_ARROW
IDENT "a"
ARROW
IDENT "a"
ARROW
UPPER "Expectation"
NEWLINE
IDENT "expectGreaterThan"
IDENT "expected"
IDENT "actual"
EQUAL
INDENT
IF
IDENT "gt"
IDENT "actual"
IDENT "expected"
THEN
INDENT
UPPER "Pass"
NEWLINE
DEDENT
ELSE
INDENT
UPPER "Fail"
LPAREN
STRING "expected "
PLUSPLUS
IDENT "debug"
IDENT "actual"
PLUSPLUS
STRING " > "
PLUSPLUS
IDENT "debug"
IDENT "expected"
RPAREN
NEWLINE
DEDENT
NEWLINE
DEDENT
NEWLINE
NEWLINE
IDENT "expectAllStep"
COLON
UPPER "Expectation"
ARROW
UPPER "Expectation"
ARROW
UPPER "Expectation"
NEWLINE
IDENT "expectAllStep"
LPAREN
UPPER "Fail"
IDENT "msg"
RPAREN
UNDERSCORE
EQUAL
UPPER "Fail"
IDENT "msg"
NEWLINE
IDENT "expectAllStep"
UPPER "Pass"
IDENT "e"
EQUAL
IDENT "e"
NEWLINE
NEWLINE
EXPORT
NEWLINE
IDENT "expectAll"
COLON
UPPER "List"
UPPER "Expectation"
ARROW
UPPER "Expectation"
NEWLINE
IDENT "expectAll"
IDENT "es"
EQUAL
IDENT "fold"
IDENT "expectAllStep"
UPPER "Pass"
IDENT "es"
NEWLINE
NEWLINE
IDENT "goTests"
COLON
UPPER "List"
LPAREN
UPPER "String"
COMMA
UPPER "Unit"
ARROW
UPPER "Expectation"
RPAREN
ARROW
UPPER "Int"
ARROW
UPPER "Int"
ARROW
LT
UPPER "IO"
GT
UPPER "Bool"
NEWLINE
IDENT "goTests"
LBRACKET
RBRACKET
IDENT "passed"
IDENT "failed"
EQUAL
INDENT
IDENT "println"
LPAREN
STRING "\n"
PLUSPLUS
IDENT "intToString"
IDENT "passed"
PLUSPLUS
STRING " passed, "
PLUSPLUS
IDENT "intToString"
IDENT "failed"
PLUSPLUS
STRING " failed"
RPAREN
NEWLINE
IDENT "eq"
IDENT "failed"
INT 0
NEWLINE
DEDENT
NEWLINE
IDENT "goTests"
LPAREN
LPAREN
IDENT "name"
COMMA
IDENT "thunk"
RPAREN
CONS
IDENT "rest"
RPAREN
IDENT "passed"
IDENT "failed"
EQUAL
MATCH
IDENT "runExpectation"
IDENT "thunk"
INDENT
UPPER "Pass"
FAT_ARROW
INDENT
IDENT "println"
LPAREN
STRING "  ok   "
PLUSPLUS
IDENT "name"
RPAREN
NEWLINE
IDENT "goTests"
IDENT "rest"
LPAREN
IDENT "passed"
PLUS
INT 1
RPAREN
IDENT "failed"
NEWLINE
DEDENT
NEWLINE
UPPER "Fail"
IDENT "msg"
FAT_ARROW
INDENT
IDENT "println"
LPAREN
STRING "  FAIL "
PLUSPLUS
IDENT "name"
PLUSPLUS
STRING ": "
PLUSPLUS
IDENT "msg"
RPAREN
NEWLINE
IDENT "goTests"
IDENT "rest"
IDENT "passed"
LPAREN
IDENT "failed"
PLUS
INT 1
RPAREN
NEWLINE
DEDENT
NEWLINE
DEDENT
NEWLINE
NEWLINE
EXPORT
NEWLINE
IDENT "runTests"
COLON
UPPER "List"
LPAREN
UPPER "String"
COMMA
UPPER "Unit"
ARROW
UPPER "Expectation"
RPAREN
ARROW
LT
UPPER "IO"
GT
UPPER "Bool"
NEWLINE
IDENT "runTests"
IDENT "tests"
EQUAL
IDENT "goTests"
IDENT "tests"
INT 0
INT 0
NEWLINE
NEWLINE
EOF