{"files":[{"file":"<fixture>","diagnostics":[{"code":"P-GUARD-IF-IN-EQUATION","fix":{"range":{"end":{"character":4,"line":1},"start":{"character":2,"line":1}},"replacement":"|"},"help":"equation guards use `|`; replace `if` with `|` (match-arm guards, by contrast, use `if`)","kind":"parse","message":"an equation guard uses `|`, not `if` — write `| cond = body`","range":{"end":{"character":3,"line":1},"start":{"character":2,"line":1}},"severity":1,"source":"medaka"}]}]}
