{"files":[{"file":"<fixture>","diagnostics":[{"code":"L-MALFORMED-FLOAT","fix":{"range":{"end":{"character":19,"line":0},"start":{"character":15,"line":0}},"replacement":"5.0e3"},"help":"Medaka requires a digit on both sides of the decimal point in a float literal","kind":"lex","message":"malformed float literal `5.e3`: a float needs a digit after the decimal point — write `5.0e3`","range":{"end":{"character":16,"line":0},"start":{"character":15,"line":0}},"severity":1,"source":"medaka"}]}]}
