{"files":[{"file":"<fixture>","diagnostics":[{"code":"P-RESERVED-KEYWORD","fix":{"range":{"end":{"character":10,"line":2},"start":{"character":6,"line":2}},"replacement":"test_"},"help":"rename it — appending `_` (e.g. `test_`) makes any reserved word a valid identifier","kind":"parse","message":"`test` is a reserved keyword — it can't be used as a variable or pattern name. Rename it (e.g. `test_`).","range":{"end":{"character":7,"line":2},"start":{"character":6,"line":2}},"severity":1,"source":"medaka"}]}]}
