{"files":[{"file":"<fixture>","diagnostics":[{"code":"R-UNBOUND","fix":{"range":{"end":{"character":16,"line":0},"start":{"character":7,"line":0}},"replacement":"println"},"help":"did you mean 'println'?","kind":"resolve","message":"Unbound variable: printline. Did you mean 'println'?","range":{"end":{"character":16,"line":0},"start":{"character":7,"line":0}},"severity":1,"source":"medaka"}]}]}
