INTERFACE
UPPER "P"
IDENT "a"
WHERE
INDENT
IDENT "p"
COLON
IDENT "a"
ARROW
UPPER "Int"
NEWLINE
DEDENT
NEWLINE
IMPL
UPPER "P"
UPPER "Int"
WHERE
INDENT
IDENT "p"
IDENT "x"
EQUAL
IDENT "x"
NEWLINE
DEDENT
NEWLINE
IDENT "foo"
IDENT "x"
EQUAL
IDENT "p"
IDENT "x"
INDENT
WHERE
INDENT
IDENT "p"
IDENT "n"
EQUAL
IDENT "n"
PLUS
INT 1
NEWLINE
DEDENT
NEWLINE
DEDENT
NEWLINE
IDENT "main"
EQUAL
IDENT "println"
LPAREN
IDENT "p"
INT 5
PLUS
IDENT "foo"
INT 7
RPAREN
NEWLINE
NEWLINE
EOF