=== TOKENS ===
IDENT "double"
COLON
UPPER "Int"
ARROW
UPPER "Int"
NEWLINE
IDENT "double"
IDENT "x"
EQUAL
IDENT "x"
STAR
INT 2
NEWLINE
IDENT "greet"
COLON
UPPER "String"
ARROW
UPPER "String"
NEWLINE
IDENT "greet"
IDENT "name"
EQUAL
STRING "Hello, "
PLUSPLUS
IDENT "name"
PLUSPLUS
STRING "!"
NEWLINE
IDENT "main"
COLON
LT
UPPER "IO"
GT
UPPER "Unit"
NEWLINE
IDENT "main"
EQUAL
INDENT
IDENT "println"
LPAREN
IDENT "double"
INT 21
RPAREN
NEWLINE
IDENT "println"
LPAREN
IDENT "greet"
STRING "world"
RPAREN
NEWLINE
DEDENT
NEWLINE
NEWLINE
EOF
=== AST ===
double : Int -> Int
double x = x * 2
greet : String -> String
greet name = "Hello, " ++ name ++ "!"
main : <IO> Unit
main =
  println (double 21)
  println (greet "world")
=== TYPES ===
=== EVAL ===
42
Hello, world!
