=== TOKENS ===
IDENT "main"
COLON
LT
UPPER "IO"
GT
UPPER "Unit"
NEWLINE
IDENT "main"
EQUAL
INDENT
LET
IDENT "x"
EQUAL
INT 10
NEWLINE
LET
IDENT "y"
EQUAL
INT 20
NEWLINE
LET
IDENT "sum"
EQUAL
IDENT "x"
PLUS
IDENT "y"
NEWLINE
IDENT "println"
IDENT "sum"
NEWLINE
IDENT "println"
LPAREN
IDENT "x"
STAR
IDENT "y"
RPAREN
NEWLINE
DEDENT
NEWLINE
NEWLINE
EOF
=== AST ===
main : <IO> Unit
main =
  let x = 10
  let y = 20
  let sum = x + y
  println sum
  println (x * y)
=== TYPES ===
=== EVAL ===
30
200
