=== TOKENS ===
IDENT "g"
COLON
UPPER "Float"
ARROW
UPPER "Float"
NEWLINE
IDENT "g"
IDENT "x"
EQUAL
IDENT "x"
PLUS
INT 1
NEWLINE
IDENT "main"
COLON
LT
UPPER "IO"
GT
UPPER "Unit"
NEWLINE
IDENT "main"
EQUAL
IDENT "println"
LPAREN
IDENT "g"
FLOAT 2
RPAREN
NEWLINE
NEWLINE
EOF
=== AST ===
g : Float -> Float
g x = x + 1
main : <IO> Unit
main = println (g 2.0)
=== TYPES ===
=== EVAL ===
3.0
