RECORD
UPPER "Cat"
INDENT
IDENT "name"
COLON
UPPER "String"
NEWLINE
DEDENT
NEWLINE
RECORD
UPPER "Box"
INDENT
IDENT "name"
COLON
UPPER "Int"
NEWLINE
DEDENT
NEWLINE
IDENT "catName"
IDENT "c"
EQUAL
LPAREN
IDENT "c"
COLON
UPPER "Cat"
RPAREN
DOT
IDENT "name"
NEWLINE
IDENT "boxName"
IDENT "b"
EQUAL
LPAREN
IDENT "b"
COLON
UPPER "Box"
RPAREN
DOT
IDENT "name"
NEWLINE
IDENT "main"
COLON
LT
UPPER "IO"
GT
UPPER "Unit"
NEWLINE
IDENT "main"
EQUAL
INDENT
LET
IDENT "c"
EQUAL
UPPER "Cat"
LBRACE
IDENT "name"
EQUAL
STRING "Tom"
RBRACE
NEWLINE
LET
IDENT "b"
EQUAL
UPPER "Box"
LBRACE
IDENT "name"
EQUAL
INT 7
RBRACE
NEWLINE
IDENT "println"
LPAREN
IDENT "catName"
IDENT "c"
RPAREN
NEWLINE
IDENT "println"
LPAREN
IDENT "boxName"
IDENT "b"
RPAREN
NEWLINE
DEDENT
NEWLINE
NEWLINE
EOF