=== TOKENS ===
NEWLINE
IDENT "greeting"
COLON
UPPER "String"
NEWLINE
IDENT "greeting"
EQUAL
STRING "Hi"
NEWLINE
IDENT "shout"
COLON
UPPER "String"
NEWLINE
IDENT "shout"
EQUAL
INTERP_OPEN ""
IDENT "greeting"
INTERP_END "!"
NEWLINE
IDENT "main"
EQUAL
IDENT "println"
IDENT "shout"
NEWLINE
NEWLINE
EOF
=== AST ===
greeting : String
greeting = "Hi"
shout : String
shout = "\{greeting}!"
main = println shout
=== TYPES ===
=== EVAL ===
Hi!
