defs|ctor|Green  DEF defs.mdk:8:19  USES 0  
defs|ctor|Red  DEF defs.mdk:8:19  USES 1  main.mdk:30:10
defs|local|x|1  DEF defs.mdk:6:0  USES 1  defs.mdk:6:11
defs|ty|Color  DEF defs.mdk:8:19  USES 1  main.mdk:29:17
defs|val|g  DEF defs.mdk:3:0  USES 3  defs.mdk:14:12 defs.mdk:14:23 main.mdk:21:11
defs|val|helper  DEF defs.mdk:6:0  USES 4  defs.mdk:14:16 main.mdk:18:6 main.mdk:24:15 main.mdk:27:0
defs|val|shared  DEF defs.mdk:11:0  USES 0  
defs|val|usesGHere  DEF defs.mdk:14:0  USES 0  
main|local|g|3  DEF main.mdk:16:0  USES 2  main.mdk:18:2 main.mdk:18:9
main|local|x|2  DEF main.mdk:16:0  USES 1  main.mdk:17:10
main|val|mkColor  DEF main.mdk:30:0  USES 0  
main|val|topG  DEF main.mdk:16:0  USES 0  
main|val|usesAlias  DEF main.mdk:27:0  USES 0  
main|val|usesReexport  DEF main.mdk:24:0  USES 0  
main|val|usesTopG  DEF main.mdk:21:0  USES 0  
other|val|shared  DEF other.mdk:4:0  USES 2  other.mdk:7:12 other.mdk:7:21
other|val|useShared  DEF other.mdk:7:0  USES 0  
