warning: [rule-dead-code] private top-level 'classify' is unreachable from exports/main/doctests. Dead code (remove it)
warning: [rule-dead-code] private top-level 'describe' is unreachable from exports/main/doctests. Dead code (remove it)
warning: [rule-dead-code] private top-level 'take' is unreachable from exports/main/doctests. Dead code (remove it)
warning: [rule-match-on-param] function 'describe' matches on parameter 'm'. Consider a multi-clause function definition
warning: [rule-missing-signature] top-level 'classify' has no type signature. Add a `classify : …` declaration
warning: [rule-missing-signature] top-level 'describe' has no type signature. Add a `describe : …` declaration
warning: [rule-missing-signature] top-level 'take' has no type signature. Add a `take : …` declaration
warning: [rule-stdlib-reimpl] top-level 'take' shadows a stdlib function. Prefer the stdlib version
