warning: [rule-dead-code] private top-level 'evenFlipped' is unreachable from exports/main/doctests — remove it (dead code)
warning: [rule-dead-code] private top-level 'evenTest' is unreachable from exports/main/doctests — remove it (dead code)
warning: [rule-dead-code] private top-level 'isEven' is unreachable from exports/main/doctests — remove it (dead code)
warning: [rule-dead-code] private top-level 'isOdd' is unreachable from exports/main/doctests — remove it (dead code)
warning: [rule-dead-code] private top-level 'negOne' is unreachable from exports/main/doctests — remove it (dead code)
warning: [rule-dead-code] private top-level 'negThree' is unreachable from exports/main/doctests — remove it (dead code)
warning: [rule-dead-code] private top-level 'nested' is unreachable from exports/main/doctests — remove it (dead code)
warning: [rule-dead-code] private top-level 'oddTest' is unreachable from exports/main/doctests — remove it (dead code)
warning: [rule-missing-signature] top-level 'evenFlipped' has no type signature. Add a `evenFlipped : …` declaration
warning: [rule-missing-signature] top-level 'evenTest' has no type signature. Add a `evenTest : …` declaration
warning: [rule-missing-signature] top-level 'isEven' has no type signature. Add a `isEven : …` declaration
warning: [rule-missing-signature] top-level 'isOdd' has no type signature. Add a `isOdd : …` declaration
warning: [rule-missing-signature] top-level 'negOne' has no type signature. Add a `negOne : …` declaration
warning: [rule-missing-signature] top-level 'negThree' has no type signature. Add a `negThree : …` declaration
warning: [rule-missing-signature] top-level 'nested' has no type signature. Add a `nested : …` declaration
warning: [rule-missing-signature] top-level 'oddTest' has no type signature. Add a `oddTest : …` declaration
warning: [rule-rem-parity] parity test. Rewrite as 'isEven n'
warning: [rule-rem-parity] parity test. Rewrite as 'isEven n'
warning: [rule-rem-parity] parity test. Rewrite as 'isEven n'
warning: [rule-rem-parity] parity test. Rewrite as 'isOdd n'
